PROBE28 gc=1 N=0 maj=0 ng=2 preMut0=0 preMut1=0 staticChain=0 copiedW=8037 liveW=20355 liveB=28
PROBE28 gc=2 N=0 maj=0 ng=2 preMut0=0 preMut1=0 staticChain=0 copiedW=78395 liveW=109149 liveB=118
PROBE28 gc=3 N=1 maj=1 ng=2 preMut0=0 preMut1=4 staticChain=180037 copiedW=122227 liveW=165013 liveB=173
PROBE28 gc=4 N=0 maj=0 ng=2 preMut0=0 preMut1=512 staticChain=0 copiedW=87175 liveW=206705 liveB=213
PROBE28 gc=5 N=0 maj=0 ng=2 preMut0=0 preMut1=588 staticChain=0 copiedW=67860 liveW=250959 liveB=257
PROBE28 gc=6 N=0 maj=0 ng=2 preMut0=0 preMut1=480 staticChain=0 copiedW=69885 liveW=307691 liveB=317
PROBE28 gc=7 N=0 maj=0 ng=2 preMut0=0 preMut1=339 staticChain=0 copiedW=111598 liveW=366835 liveB=372
PROBE28 gc=8 N=1 maj=1 ng=2 preMut0=0 preMut1=564 staticChain=177375 copiedW=363384 liveW=410479 liveB=415
PROBE28 gc=9 N=0 maj=0 ng=2 preMut0=0 preMut1=266 staticChain=0 copiedW=39156 liveW=436742 liveB=441
PROBE28 gc=10 N=0 maj=0 ng=2 preMut0=0 preMut1=262 staticChain=0 copiedW=45417 liveW=467527 liveB=472
PROBE28 gc=11 N=0 maj=0 ng=2 preMut0=0 preMut1=1532 staticChain=0 copiedW=52827 liveW=500193 liveB=504
PROBE28 gc=12 N=0 maj=0 ng=2 preMut0=0 preMut1=513 staticChain=0 copiedW=50949 liveW=562181 liveB=566
PROBE28 gc=13 N=0 maj=0 ng=2 preMut0=0 preMut1=271 staticChain=0 copiedW=52747 liveW=570685 liveB=574
PROBE28 gc=14 N=0 maj=0 ng=2 preMut0=0 preMut1=279 staticChain=0 copiedW=43755 liveW=604920 liveB=607
PROBE28 gc=15 N=0 maj=0 ng=2 preMut0=0 preMut1=508 staticChain=0 copiedW=52783 liveW=666957 liveB=668
PROBE28 gc=16 N=0 maj=0 ng=2 preMut0=0 preMut1=263 staticChain=0 copiedW=31640 liveW=672229 liveB=674
PROBE28 gc=17 N=0 maj=0 ng=2 preMut0=0 preMut1=268 staticChain=0 copiedW=45266 liveW=710628 liveB=712
PROBE28 gc=18 N=0 maj=0 ng=2 preMut0=0 preMut1=567 staticChain=0 copiedW=76369 liveW=779054 liveB=781
PROBE28 gc=19 N=0 maj=0 ng=2 preMut0=0 preMut1=263 staticChain=0 copiedW=49510 liveW=792881 liveB=793
PROBE28 gc=20 N=0 maj=0 ng=2 preMut0=0 preMut1=504 staticChain=0 copiedW=20165 liveW=799680 liveB=801
PROBE28 gc=21 N=0 maj=0 ng=2 preMut0=0 preMut1=837 staticChain=0 copiedW=15609 liveW=807859 liveB=808
PROBE28 gc=22 N=1 maj=1 ng=2 preMut0=0 preMut1=473 staticChain=175089 copiedW=672853 liveW=813184 liveB=808
PROBE28 gc=23 N=0 maj=0 ng=2 preMut0=0 preMut1=362 staticChain=0 copiedW=92393 liveW=877116 liveB=870
ghc-real: panic! (the 'impossible' happened)
  (GHC version 9.2.8:
	depSortStgBinds
  Found cyclic SCC:
  [($trModule2_ruq :: TrName
    [GblId, Unf=OtherCon []] =
        CCS_DONT_CARE TrNameS! [$trModule1_ruj];,
    {$trModule1_ruj}),
   ($trModule1_ruj :: Addr#
    [GblId, Unf=OtherCon []] =
        "main"#;,
    {})]
  Call stack:
      CallStack (from HasCallStack):
        callStackDoc, called at compiler/GHC/Utils/Panic.hs:181:37 in ghc:GHC.Utils.Panic
        pprPanic, called at compiler/GHC/Stg/DepAnal.hs:144:7 in ghc:GHC.Stg.DepAnal

Please report this as a GHC bug:  https://www.haskell.org/ghc/reportabug

PROBE28 gc=24 N=1 maj=1 ng=2 preMut0=0 preMut1=808 staticChain=174441 copiedW=365847 liveW=390465 liveB=392
GHC_EXIT=1
