PROBE28 gc=1 N=0 maj=1 ng=1 preMut0=0 staticChain=181426 copiedW=8043 liveW=20361 liveB=27
PROBE29 gc=1 scav fwdHits=91 t1=100 t2=75 t3=3 t4=660 t6=1 t7=12 t8=6 t9=108 t10=14 t11=1198 t15=37 t16=161 t17=61 t18=25 t25=17 t38=3 t40=5 t44=1 t48=22 t49=5 t52=1 t53=1
PROBE29 gc=1 evac e1=100 e2=75 e3=1682 e4=660 e6=1 e7=12 e8=6 e9=108 e10=14 e11=1198 e15=37 e16=161 e17=61 e18=25 e22=6 e25=17 e38=383 e40=5 e44=1 e48=22 e49=5 e52=1 e53=1
PROBE30 gc=1 aim=2516 aimPre=55 tbfExt=41 tbfNew=14 tbfFreedEmpty=0 atbPart=6 atbGrp=0 atbBlks=1 atbFree=7 evacLarge=6
PROBE30 gc=1 sizeHist s1=259 s2=2170 s3=61 s4=20 s5=4 s7=1 s8=1
PROBE28 gc=2 N=0 maj=1 ng=1 preMut0=0 staticChain=180067 copiedW=78397 liveW=109155 liveB=117
PROBE29 gc=2 scav fwdHits=3645 t1=2443 t2=2052 t3=9 t4=8900 t6=7 t7=12 t8=11 t9=129 t10=73 t11=509 t15=393 t16=153 t17=511 t18=2592 t22=6 t25=40 t39=4 t40=258 t42=353 t43=1 t44=256 t45=1 t47=17 t48=281 t49=6 t52=1
PROBE29 gc=2 evac e1=2443 e2=2052 e3=2012 e4=8900 e6=7 e7=12 e8=11 e9=129 e10=73 e11=509 e15=393 e16=153 e17=511 e18=2592 e22=8 e25=40 e27=2 e38=9079 e39=4 e40=258 e42=353 e43=1 e44=256 e45=1 e47=17 e48=281 e49=6 e52=1
PROBE30 gc=2 aim=19018 aimPre=620 tbfExt=540 tbfNew=80 tbfFreedEmpty=0 atbPart=2 atbGrp=0 atbBlks=6 atbFree=73 evacLarge=9
PROBE30 gc=2 sizeHist s1=2948 s2=15586 s3=137 s4=64 s5=19 s6=1 s7=257 s8=5 s9=1
PROBE28 gc=3 N=0 maj=1 ng=1 preMut0=0 staticChain=180037 copiedW=121973 liveW=165019 liveB=171
PROBE29 gc=3 scav fwdHits=9791 t1=4994 t2=3092 t3=9 t4=13237 t6=6 t7=12 t8=99 t9=181 t10=75 t11=567 t15=485 t16=312 t17=511 t18=3897 t22=40 t25=45 t38=36 t39=52 t40=209 t42=982 t43=49 t44=208 t46=1 t47=288 t48=3 t49=5 t52=1
PROBE29 gc=3 evac e1=4994 e2=3092 e3=163 e4=13237 e6=6 e7=12 e8=99 e9=181 e10=75 e11=567 e15=485 e16=312 e17=511 e18=3897 e22=371 e25=45 e38=4658 e39=52 e40=209 e42=982 e43=49 e44=208 e46=1 e47=288 e48=3 e49=5 e52=1
PROBE30 gc=3 aim=29396 aimPre=961 tbfExt=840 tbfNew=121 tbfFreedEmpty=0 atbPart=1 atbGrp=0 atbBlks=11 atbFree=110 evacLarge=9
PROBE30 gc=3 sizeHist s1=4071 s2=22479 s3=2012 s4=422 s5=148 s6=1 s7=257 s8=5 s9=1
PROBE28 gc=4 N=0 maj=1 ng=1 preMut0=0 staticChain=180035 copiedW=161059 liveW=202052 liveB=207
PROBE29 gc=4 scav fwdHits=14818 t1=7690 t2=4914 t3=9 t4=16751 t6=5 t7=12 t8=39 t9=142 t10=75 t11=527 t15=453 t16=264 t17=511 t18=4599 t22=38 t25=47 t38=13 t39=9 t40=251 t42=1917 t43=6 t44=251 t46=1 t47=286 t49=4 t52=1
PROBE29 gc=4 evac e1=7690 e2=4914 e3=9 e4=16751 e6=5 e7=12 e8=39 e9=142 e10=75 e11=527 e15=453 e16=264 e17=511 e18=4599 e22=897 e25=47 e38=8042 e39=9 e40=251 e42=1917 e43=6 e44=251 e46=1 e47=286 e49=4 e52=1
PROBE30 gc=4 aim=38815 aimPre=1267 tbfExt=1107 tbfNew=160 tbfFreedEmpty=0 atbPart=1 atbGrp=0 atbBlks=13 atbFree=147 evacLarge=8
PROBE30 gc=4 sizeHist s1=5826 s2=25623 s3=6373 s4=582 s5=147 s6=1 s7=257 s8=5 s9=1
PROBE28 gc=5 N=0 maj=1 ng=1 preMut0=0 staticChain=180024 copiedW=208629 liveW=254725 liveB=260
PROBE29 gc=5 scav fwdHits=20606 t1=12820 t2=6775 t3=10 t4=20785 t6=6 t7=12 t8=9 t9=124 t10=78 t11=508 t15=441 t16=240 t17=512 t18=4719 t22=37 t25=48 t38=3 t39=106 t40=155 t42=2163 t43=103 t44=154 t46=1 t47=286 t48=6 t49=5 t52=1
PROBE29 gc=5 evac e1=12820 e2=6775 e3=1674 e4=20785 e6=6 e7=12 e8=9 e9=124 e10=78 e11=508 e15=441 e16=240 e17=512 e18=4719 e22=1616 e25=48 e38=2070 e39=106 e40=155 e42=2163 e43=103 e44=154 e46=1 e47=286 e48=6 e49=5 e52=1
PROBE30 gc=5 aim=50107 aimPre=1639 tbfExt=1432 tbfNew=207 tbfFreedEmpty=0 atbPart=2 atbGrp=0 atbBlks=13 atbFree=193 evacLarge=11
PROBE30 gc=5 sizeHist s1=7671 s2=29462 s3=11837 s4=724 s5=149 s6=1 s7=257 s8=5 s9=1
PROBE28 gc=6 N=0 maj=1 ng=1 preMut0=0 staticChain=179166 copiedW=232047 liveW=282249 liveB=289
PROBE29 gc=6 scav fwdHits=23831 t1=13858 t2=7564 t3=305 t4=21725 t5=94 t6=32 t7=12 t8=17 t9=921 t10=860 t11=528 t12=3 t15=780 t16=914 t17=514 t18=5040 t19=18 t22=60 t25=77 t38=2 t39=165 t40=99 t42=2282 t43=162 t44=95 t45=3 t46=1 t47=286 t48=19 t49=7 t52=1
PROBE29 gc=6 evac e1=13858 e2=7564 e3=2282 e4=21725 e5=94 e6=32 e7=12 e8=17 e9=921 e10=860 e11=528 e12=3 e15=780 e16=914 e17=514 e18=5040 e19=18 e22=486 e25=77 e27=31 e38=2267 e39=165 e40=99 e42=2282 e43=162 e44=95 e45=3 e46=1 e47=286 e48=19 e49=7 e52=1
PROBE30 gc=6 aim=56444 aimPre=1819 tbfExt=1584 tbfNew=235 tbfFreedEmpty=0 atbPart=7 atbGrp=0 atbBlks=15 atbFree=214 evacLarge=13
PROBE30 gc=6 sizeHist s1=10435 s2=31931 s3=12816 s4=745 s5=246 s6=1 s7=257 s8=11 s9=1 s10=1
PROBE28 gc=7 N=0 maj=1 ng=1 preMut0=0 staticChain=177356 copiedW=334253 liveW=383684 liveB=387
PROBE29 gc=7 scav fwdHits=41104 t1=17645 t2=9847 t3=2496 t4=28086 t5=171 t6=30 t7=12 t8=40 t9=1069 t10=1129 t11=1653 t12=3 t15=2953 t16=5985 t17=514 t18=8166 t19=1 t22=1915 t25=105 t38=3 t39=73 t40=189 t42=2657 t43=69 t44=189 t45=3 t46=4 t47=287 t48=30 t49=5 t52=1
PROBE29 gc=7 evac e1=17645 e2=9847 e3=3171 e4=28086 e5=171 e6=30 e7=12 e8=40 e9=1069 e10=1129 e11=1653 e12=3 e15=2953 e16=5985 e17=514 e18=8166 e19=1 e22=2113 e25=105 e27=9 e38=16558 e39=73 e40=189 e42=2657 e43=69 e44=189 e45=3 e46=4 e47=287 e48=30 e49=5 e52=1
PROBE30 gc=7 aim=85330 aimPre=2618 tbfExt=2205 tbfNew=413 tbfFreedEmpty=0 atbPart=84 atbGrp=0 atbBlks=21 atbFree=309 evacLarge=13
PROBE30 gc=7 sizeHist s1=15642 s2=50941 s3=17239 s4=918 s5=313 s6=3 s7=259 s8=12 s9=2 s10=1
PROBE28 gc=8 N=0 maj=1 ng=1 preMut0=0 staticChain=177253 copiedW=426741 liveW=474119 liveB=474
PROBE29 gc=8 scav fwdHits=57861 t1=21151 t2=12632 t3=4559 t4=32212 t5=171 t6=29 t7=12 t8=40 t9=1068 t10=1129 t11=3714 t12=3 t15=5736 t16=10089 t17=514 t18=10951 t19=1 t22=4079 t25=104 t38=3 t39=261 t42=2657 t43=258 t46=7 t47=312 t49=4 t52=1
PROBE29 gc=8 evac e1=21151 e2=12632 e3=4559 e4=32212 e5=171 e6=29 e7=12 e8=40 e9=1068 e10=1129 e11=3714 e12=3 e15=5736 e16=10089 e17=514 e18=10951 e19=1 e22=4079 e25=104 e38=17276 e39=261 e42=2657 e43=258 e46=7 e47=312 e49=4 e52=1
PROBE30 gc=8 aim=111697 aimPre=3338 tbfExt=2918 tbfNew=420 tbfFreedEmpty=0 atbPart=1 atbGrp=0 atbBlks=27 atbFree=393 evacLarge=12
PROBE30 gc=8 sizeHist s1=20484 s2=66901 s3=22806 s4=917 s5=312 s6=3 s7=259 s8=12 s9=2 s10=1
PROBE28 gc=9 N=0 maj=1 ng=1 preMut0=0 staticChain=175207 copiedW=489171 liveW=543969 liveB=544
PROBE29 gc=9 scav fwdHits=64401 t1=26727 t2=14970 t3=5429 t4=34788 t5=4590 t6=65 t7=28 t8=71 t9=1124 t10=948 t11=3886 t12=3 t15=5932 t16=10161 t17=514 t18=11488 t22=4115 t25=119 t39=56 t40=207 t42=3040 t43=52 t44=205 t45=5 t46=7 t47=310 t48=18 t49=6 t52=1
PROBE29 gc=9 evac e1=26727 e2=14970 e3=5436 e4=34788 e5=4590 e6=65 e7=28 e8=71 e9=1124 e10=948 e11=3886 e12=3 e15=5932 e16=10161 e17=514 e18=11488 e22=4116 e25=119 e38=3593 e39=56 e40=207 e42=3040 e43=52 e44=205 e45=5 e46=7 e47=310 e48=18 e49=6 e52=1
PROBE30 gc=9 aim=128865 aimPre=3829 tbfExt=3339 tbfNew=490 tbfFreedEmpty=0 atbPart=11 atbGrp=0 atbBlks=31 atbFree=449 evacLarge=16
PROBE30 gc=9 sizeHist s1=23588 s2=74739 s3=29014 s4=925 s5=318 s6=3 s7=260 s8=14 s9=3 s10=1
PROBE28 gc=10 N=0 maj=1 ng=1 preMut0=0 staticChain=175127 copiedW=570320 liveW=692483 liveB=693
PROBE29 gc=10 scav fwdHits=76391 t1=30377 t2=18159 t3=6193 t4=39956 t5=5765 t6=754 t7=52 t8=430 t9=1586 t10=1084 t11=3891 t12=3 t15=6356 t16=12072 t17=514 t18=14105 t19=1 t22=5204 t25=126 t38=4 t39=9 t40=255 t42=4142 t43=5 t44=253 t45=5 t46=12 t47=312 t48=24 t49=7 t52=1
PROBE29 gc=10 evac e1=30377 e2=18159 e3=6476 e4=39956 e5=5765 e6=754 e7=52 e8=430 e9=1586 e10=1084 e11=3891 e12=3 e15=6356 e16=12072 e17=514 e18=14105 e19=1 e22=5215 e25=126 e27=8 e38=4414 e39=9 e40=255 e42=4142 e43=5 e44=253 e45=5 e46=12 e47=312 e48=24 e49=7 e52=1
PROBE30 gc=10 aim=151657 aimPre=4452 tbfExt=3887 tbfNew=565 tbfFreedEmpty=0 atbPart=6 atbGrp=0 atbBlks=35 atbFree=525 evacLarge=20
PROBE30 gc=10 sizeHist s1=28167 s2=87920 s3=33907 s4=1050 s5=325 s6=5 s7=261 s8=14 s9=5 s10=3
PROBE28 gc=11 N=0 maj=1 ng=1 preMut0=0 staticChain=174969 copiedW=677780 liveW=829701 liveB=827
PROBE29 gc=11 scav fwdHits=91879 t1=34920 t2=24144 t3=6477 t4=47025 t5=7013 t6=1585 t7=68 t8=855 t9=2121 t10=1778 t11=3837 t12=3 t15=6815 t16=14164 t17=514 t18=18549 t19=1 t22=6612 t25=155 t38=2 t39=8 t40=255 t42=5206 t43=4 t44=253 t45=3 t46=17 t47=317 t48=20 t49=6 t52=1
PROBE29 gc=11 evac e1=34920 e2=24144 e3=6834 e4=47025 e5=7013 e6=1585 e7=68 e8=855 e9=2121 e10=1778 e11=3837 e12=3 e15=6815 e16=14164 e17=514 e18=18549 e19=1 e22=6613 e25=155 e38=4290 e39=8 e40=255 e42=5206 e43=4 e44=253 e45=3 e46=17 e47=317 e48=20 e49=6 e52=1
PROBE30 gc=11 aim=182728 aimPre=5293 tbfExt=4622 tbfNew=671 tbfFreedEmpty=0 atbPart=7 atbGrp=0 atbBlks=42 atbFree=623 evacLarge=23
PROBE30 gc=11 sizeHist s1=35695 s2=105937 s3=39024 s4=1349 s5=426 s6=12 s7=261 s8=16 s9=5 s10=3
PROBE28 gc=12 N=0 maj=1 ng=1 preMut0=0 staticChain=174949 copiedW=799462 liveW=947277 liveB=940
PROBE29 gc=12 scav fwdHits=110936 t1=38058 t2=26385 t3=7537 t4=53255 t5=8285 t6=3831 t7=76 t8=1973 t9=3265 t10=987 t11=3841 t12=3 t15=8856 t16=21508 t17=514 t18=22459 t22=9944 t25=156 t38=2 t39=240 t40=21 t42=5273 t43=236 t44=21 t46=20 t47=325 t48=2 t49=4 t52=1
PROBE29 gc=12 evac e1=38058 e2=26385 e3=7602 e4=53255 e5=8285 e6=3831 e7=76 e8=1973 e9=3265 e10=987 e11=3841 e12=3 e15=8856 e16=21508 e17=514 e18=22459 e22=10201 e25=156 e38=7300 e39=240 e40=21 e42=5273 e43=236 e44=21 e46=20 e47=325 e48=2 e49=4 e52=1
PROBE30 gc=12 aim=217078 aimPre=6248 tbfExt=5458 tbfNew=790 tbfFreedEmpty=0 atbPart=7 atbGrp=0 atbBlks=51 atbFree=733 evacLarge=21
PROBE30 gc=12 sizeHist s1=39342 s2=129666 s3=45735 s4=1537 s5=501 s6=12 s7=261 s8=16 s9=5 s10=3
PROBE28 gc=13 N=0 maj=1 ng=1 preMut0=0 staticChain=174928 copiedW=935205 liveW=1232053 liveB=1221
PROBE29 gc=13 scav fwdHits=130469 t1=45194 t2=30659 t3=8900 t4=57803 t5=10975 t6=5587 t7=84 t8=2849 t9=4220 t10=1168 t11=3841 t12=3 t15=9435 t16=25716 t17=514 t18=26369 t19=1 t22=12727 t25=156 t38=5 t39=6 t40=257 t42=6774 t43=2 t44=256 t45=2 t46=20 t47=323 t48=18 t49=6 t52=1
PROBE29 gc=13 evac e1=45194 e2=30659 e3=9475 e4=57803 e5=10975 e6=5587 e7=84 e8=2849 e9=4220 e10=1168 e11=3841 e12=3 e15=9435 e16=25716 e17=514 e18=26369 e19=1 e22=12985 e25=156 e38=9700 e39=6 e40=257 e42=6774 e43=2 e44=256 e45=2 e46=20 e47=323 e48=18 e49=6 e52=1
PROBE30 gc=13 aim=253871 aimPre=7304 tbfExt=6375 tbfNew=929 tbfFreedEmpty=0 atbPart=13 atbGrp=0 atbBlks=59 atbFree=858 evacLarge=27
PROBE30 gc=13 sizeHist s1=46143 s2=150373 s3=54356 s4=2025 s5=674 s6=12 s7=262 s8=16 s9=5 s10=5
PROBE28 gc=14 N=0 maj=1 ng=1 preMut0=0 staticChain=174829 copiedW=1051169 liveW=1481025 liveB=1470
PROBE29 gc=14 scav fwdHits=148141 t1=50034 t2=34498 t3=9814 t4=64646 t5=12830 t6=7177 t7=116 t8=3653 t9=5106 t10=1145 t11=3773 t12=3 t15=10292 t16=29086 t17=514 t18=30041 t19=1 t22=15164 t25=175 t38=4 t39=14 t40=251 t42=7708 t43=10 t44=248 t45=7 t46=22 t47=327 t48=32 t49=8 t52=1
PROBE29 gc=14 evac e1=50034 e2=34498 e3=10436 e4=64646 e5=12830 e6=7177 e7=116 e8=3653 e9=5106 e10=1145 e11=3773 e12=3 e15=10292 e16=29086 e17=514 e18=30041 e19=1 e22=15191 e25=175 e27=1 e38=6715 e39=14 e40=251 e42=7708 e43=10 e44=248 e45=7 e46=22 e47=327 e48=32 e49=8 e52=1
PROBE30 gc=14 aim=286700 aimPre=8205 tbfExt=7165 tbfNew=1040 tbfFreedEmpty=0 atbPart=10 atbGrp=0 atbBlks=65 atbFree=966 evacLarge=34
PROBE30 gc=14 sizeHist s1=51844 s2=170460 s3=61245 s4=2156 s5=690 s6=10 s7=262 s8=19 s9=8 s10=6
PROBE28 gc=15 N=0 maj=1 ng=1 preMut0=0 staticChain=174582 copiedW=1175980 liveW=1617728 liveB=1602
PROBE29 gc=15 scav fwdHits=162918 t1=53477 t2=38399 t3=10094 t4=72731 t5=13969 t6=8855 t7=140 t8=4496 t9=6036 t10=2910 t11=3796 t12=3 t15=11165 t16=32746 t17=514 t18=37697 t22=17655 t25=271 t38=16 t39=136 t40=130 t42=7873 t43=132 t44=125 t45=6 t46=29 t47=330 t48=31 t49=6 t52=1
PROBE29 gc=15 evac e1=53477 e2=38399 e3=10757 e4=72731 e5=13969 e6=8855 e7=140 e8=4496 e9=6036 e10=2910 e11=3796 e12=3 e15=11165 e16=32746 e17=514 e18=37697 e22=17714 e25=271 e27=1 e38=6203 e39=136 e40=130 e42=7873 e43=132 e44=125 e45=6 e46=29 e47=330 e48=31 e49=6 e52=1
PROBE30 gc=15 aim=323769 aimPre=9175 tbfExt=8015 tbfNew=1160 tbfFreedEmpty=0 atbPart=8 atbGrp=0 atbBlks=74 atbFree=1079 evacLarge=34
PROBE30 gc=15 sizeHist s1=58753 s2=195866 s3=65920 s4=2212 s5=703 s6=16 s7=264 s8=20 s9=9 s10=6
PROBE28 gc=16 N=0 maj=1 ng=1 preMut0=0 staticChain=174451 copiedW=1295144 liveW=1752729 liveB=1735
PROBE29 gc=16 scav fwdHits=178457 t1=57663 t2=42627 t3=10866 t4=80015 t5=15018 t6=9955 t7=156 t8=5049 t9=6608 t10=4093 t11=3797 t12=3 t15=12100 t16=36576 t17=514 t18=43459 t22=19221 t25=285 t39=95 t40=171 t42=8353 t43=88 t44=169 t45=4 t46=35 t47=338 t48=85 t49=6 t52=1
PROBE29 gc=16 evac e1=57663 e2=42627 e3=11458 e4=80015 e5=15018 e6=9955 e7=156 e8=5049 e9=6608 e10=4093 e11=3797 e12=3 e15=12100 e16=36576 e17=514 e18=43459 e22=19526 e25=285 e27=4 e38=7344 e39=95 e40=171 e42=8353 e43=88 e44=169 e45=4 e46=35 e47=338 e48=85 e49=6 e52=1
PROBE30 gc=16 aim=357350 aimPre=10108 tbfExt=8830 tbfNew=1278 tbfFreedEmpty=0 atbPart=10 atbGrp=0 atbBlks=80 atbFree=1189 evacLarge=36
PROBE30 gc=16 sizeHist s1=65573 s2=217293 s3=70699 s4=2600 s5=862 s6=22 s7=264 s8=20 s9=11 s10=6
ghc-real: panic! (the 'impossible' happened)
  (GHC version 9.2.8:
	refineFromInScope
  InScope {wild_00 a_a1jJ $dNum_a1jK countOf shift cumsum $trModule
           $trModule_s1lr $trModule_s1ls $trModule_s1lt $trModule_s1lu}
  $dNum_a1jO
  Call stack:
      CallStack (from HasCallStack):
        callStackDoc, called at compiler/GHC/Utils/Panic.hs:181:37 in ghc:GHC.Utils.Panic
        pprPanic, called at compiler/GHC/Core/Opt/Simplify/Env.hs:706:30 in ghc:GHC.Core.Opt.Simplify.Env

Please report this as a GHC bug:  https://www.haskell.org/ghc/reportabug

PROBE28 gc=17 N=0 maj=1 ng=1 preMut0=0 staticChain=174039 copiedW=464930 liveW=485711 liveB=483
PROBE29 gc=17 scav fwdHits=51890 t1=22713 t2=15929 t3=5423 t4=27928 t5=3947 t6=34 t7=12 t8=38 t9=1365 t10=926 t11=680 t15=3259 t16=10182 t17=516 t18=13858 t22=4018 t25=395 t39=244 t40=16 t42=8047 t43=244 t44=13 t46=8 t47=276 t48=3 t49=4 t52=1
PROBE29 gc=17 evac e1=22713 e2=15929 e3=5563 e4=27928 e5=3947 e6=34 e7=12 e8=38 e9=1365 e10=926 e11=680 e15=3259 e16=10182 e17=516 e18=13858 e22=4018 e25=395 e38=618 e39=244 e40=16 e42=8047 e43=244 e44=13 e46=8 e47=276 e48=3 e49=4 e52=1
PROBE30 gc=17 aim=120079 aimPre=3638 tbfExt=3180 tbfNew=458 tbfFreedEmpty=0 atbPart=2 atbGrp=0 atbBlks=30 atbFree=427 evacLarge=8
PROBE30 gc=17 sizeHist s1=24696 s2=67837 s3=24668 s4=2052 s5=556 s6=1 s7=260 s8=7 s9=1 s10=1
GHC_EXIT=1
