TYPE SIGNATURES
  allPositive :: [Int] -> Bool
  countOf :: forall a. Ord a => a -> M.Map a Int -> Int
  cumsum :: forall a. Num a => [a] -> [a]
  dedup :: forall a. Ord a => [a] -> [a]
  freqMap :: forall a. Ord a => [a] -> M.Map a Int
  scaleAndShift :: Int -> Int -> [Int] -> [Int]
  shift :: Int -> [Int] -> [Int]
  topK :: forall a. Ord a => Int -> [a] -> [(Int, a)]
Dependent modules: []
Dependent packages: [array-0.5.4.0, base-4.16.4.0,
                     containers-0.6.5.1, deepseq-1.4.6.1, ghc-bignum-1.2,
                     ghc-prim-0.8.0]

==================== Typechecker ====================
Big2.$trModule
  = GHC.Types.Module
      (GHC.Types.TrNameS "main"#) (GHC.Types.TrNameS "Big2"#)
cumsum_a1jY = scanl1 (+)
allPositive_a1k6 = all (> 0)
scaleAndShift_a1kr s_aXA n_aXB
  = map (\ x_aXC -> x_aXC * s_aXA + n_aXB)
shift_a1kA n_aXz = map (+ n_aXz)
countOf_a1kN k_aXx m_aXy = fromMaybe 0 (M.lookup k_aXx m_aXy)
dedup_a1lo = map head . group . sort
freqMap_a1lL xs_aUq
  = M.fromListWith (+) [(x_aV1, 1) | x_aV1 <- xs_aUq]
topK_a1lZ k_aV2 xs_aV3
  = take k_aV2 . reverse . sort . map swap_aV4 . M.toList
      $ freqMap xs_aV3
  where
      swap_aV4 (a_aV5, b_aV6) = (b_aV6, a_aV5)



==================== Occurrence analysis ====================
Big2.dedup :: forall a. GHC.Classes.Ord a => [a] -> [a]
[LclIdX]
Big2.dedup
  = \ (@a_a1lp) ($dOrd_a1lq :: GHC.Classes.Ord a_a1lp) ->
      let {
        $dOrd_a1lJ [Occ=Once1] :: GHC.Classes.Ord a_a1lp
        [LclId]
        $dOrd_a1lJ = $dOrd_a1lq } in
      let {
        $dEq_a1mW [Occ=Once1] :: GHC.Classes.Eq a_a1lp
        [LclId]
        $dEq_a1mW = GHC.Classes.$p1Ord @a_a1lp $dOrd_a1lq } in
      let {
        $dEq_a1lG [Occ=Once1] :: GHC.Classes.Eq a_a1lp
        [LclId]
        $dEq_a1lG = $dEq_a1mW } in
      GHC.Base..
        @[[a_a1lp]]
        @[a_a1lp]
        @[a_a1lp]
        (GHC.Base.map @[a_a1lp] @a_a1lp (GHC.List.head @a_a1lp))
        (GHC.Base..
           @[a_a1lp]
           @[[a_a1lp]]
           @[a_a1lp]
           (Data.OldList.group @a_a1lp $dEq_a1lG)
           (Data.OldList.sort @a_a1lp $dOrd_a1lJ))

Big2.countOf
  :: forall a.
     GHC.Classes.Ord a =>
     a -> Data.Map.Internal.Map a GHC.Types.Int -> GHC.Types.Int
[LclIdX]
Big2.countOf
  = \ (@a_a1kO) ($dOrd_a1kP [Occ=Once1] :: GHC.Classes.Ord a_a1kO) ->
      let {
        $dOrd_a1lm [Occ=OnceL1] :: GHC.Classes.Ord a_a1kO
        [LclId]
        $dOrd_a1lm = $dOrd_a1kP } in
      \ (k_aXx [Occ=Once1] :: a_a1kO)
        (m_aXy [Occ=Once1]
           :: Data.Map.Internal.Map a_a1kO GHC.Types.Int) ->
        Data.Maybe.fromMaybe
          @GHC.Types.Int
          (GHC.Types.I# 0#)
          (Data.Map.Internal.lookup
             @a_a1kO @GHC.Types.Int $dOrd_a1lm k_aXx m_aXy)

Big2.cumsum :: forall a. GHC.Num.Num a => [a] -> [a]
[LclIdX]
Big2.cumsum
  = \ (@a_a1jZ) ($dNum_a1k0 [Occ=Once1] :: GHC.Num.Num a_a1jZ) ->
      let {
        $dNum_a1k4 [Occ=Once1] :: GHC.Num.Num a_a1jZ
        [LclId]
        $dNum_a1k4 = $dNum_a1k0 } in
      GHC.List.scanl1 @a_a1jZ (GHC.Num.+ @a_a1jZ $dNum_a1k4)

Big2.$trModule :: GHC.Types.Module
[LclIdX]
Big2.$trModule
  = GHC.Types.Module
      (GHC.Types.TrNameS "main"#) (GHC.Types.TrNameS "Big2"#)

$dNum_a1kq :: GHC.Num.Num GHC.Types.Int
[LclId]
$dNum_a1kq = GHC.Num.$fNumInt

Big2.freqMap
  :: forall a.
     GHC.Classes.Ord a =>
     [a] -> Data.Map.Internal.Map a GHC.Types.Int
[LclIdX]
Big2.freqMap
  = \ (@a_a1lM) ($dOrd_a1lN [Occ=Once1] :: GHC.Classes.Ord a_a1lM) ->
      let {
        $dNum_a1lU [Occ=OnceL1] :: GHC.Num.Num GHC.Types.Int
        [LclId]
        $dNum_a1lU = $dNum_a1kq } in
      let {
        $dOrd_a1lS [Occ=OnceL1] :: GHC.Classes.Ord a_a1lM
        [LclId]
        $dOrd_a1lS = $dOrd_a1lN } in
      \ (xs_aUq [Occ=Once1] :: [a_a1lM]) ->
        Data.Map.Strict.Internal.fromListWith
          @a_a1lM
          @GHC.Types.Int
          $dOrd_a1lS
          (GHC.Num.+ @GHC.Types.Int $dNum_a1lU)
          (letrec {
             ds_d1ns [Occ=LoopBreaker] :: [a_a1lM] -> [(a_a1lM, GHC.Types.Int)]
             [LclId]
             ds_d1ns
               = \ (ds_d1nt [Occ=Once1!] :: [a_a1lM]) ->
                   case ds_d1nt of {
                     [] -> GHC.Types.[] @(a_a1lM, GHC.Types.Int);
                     : ds_d1nu [Occ=Once1] ds_d1nv [Occ=Once1] ->
                       let {
                         x_aV1 [Occ=Once1] :: a_a1lM
                         [LclId]
                         x_aV1 = ds_d1nu } in
                       GHC.Types.:
                         @(a_a1lM, GHC.Types.Int) (x_aV1, GHC.Types.I# 1#) (ds_d1ns ds_d1nv)
                   }; } in
           ds_d1ns xs_aUq)

$dNum_a1kx [Occ=OnceL1] :: GHC.Num.Num GHC.Types.Int
[LclId]
$dNum_a1kx = $dNum_a1kq

$dNum_a1kz [Occ=OnceL1] :: GHC.Num.Num GHC.Types.Int
[LclId]
$dNum_a1kz = $dNum_a1kq

Big2.scaleAndShift
  :: GHC.Types.Int
     -> GHC.Types.Int -> [GHC.Types.Int] -> [GHC.Types.Int]
[LclIdX]
Big2.scaleAndShift
  = \ (s_aXA [Occ=OnceL1] :: GHC.Types.Int)
      (n_aXB [Occ=OnceL1] :: GHC.Types.Int) ->
      GHC.Base.map
        @GHC.Types.Int
        @GHC.Types.Int
        (\ (x_aXC [Occ=Once1] :: GHC.Types.Int) ->
           GHC.Num.+
             @GHC.Types.Int
             $dNum_a1kx
             (GHC.Num.* @GHC.Types.Int $dNum_a1kz x_aXC s_aXA)
             n_aXB)

$dNum_a1kM [Occ=OnceL1] :: GHC.Num.Num GHC.Types.Int
[LclId]
$dNum_a1kM = $dNum_a1kq

Big2.shift :: GHC.Types.Int -> [GHC.Types.Int] -> [GHC.Types.Int]
[LclIdX]
Big2.shift
  = \ (n_aXz [Occ=Once1] :: GHC.Types.Int) ->
      GHC.Base.map
        @GHC.Types.Int
        @GHC.Types.Int
        (GHC.Prim.rightSection
           @GHC.Types.LiftedRep
           @GHC.Types.LiftedRep
           @GHC.Types.LiftedRep
           @'Many
           @'Many
           @GHC.Types.Int
           @GHC.Types.Int
           @GHC.Types.Int
           (GHC.Num.+ @GHC.Types.Int $dNum_a1kM)
           n_aXz)

$dOrd_a1ko :: GHC.Classes.Ord GHC.Types.Int
[LclId]
$dOrd_a1ko = GHC.Classes.$fOrdInt

Big2.topK
  :: forall a.
     GHC.Classes.Ord a =>
     GHC.Types.Int -> [a] -> [(GHC.Types.Int, a)]
[LclIdX]
Big2.topK
  = \ (@a_a1m0) ($dOrd_a1m1 :: GHC.Classes.Ord a_a1m0) ->
      let {
        $dOrd_a1mS [Occ=OnceL1] :: GHC.Classes.Ord a_a1m0
        [LclId]
        $dOrd_a1mS = $dOrd_a1m1 } in
      let {
        $dOrd_a1mF [Occ=OnceL1] :: GHC.Classes.Ord (GHC.Types.Int, a_a1m0)
        [LclId]
        $dOrd_a1mF
          = GHC.Classes.$fOrd(,)
              @GHC.Types.Int @a_a1m0 $dOrd_a1ko $dOrd_a1m1 } in
      \ (k_aV2 [Occ=Once1] :: GHC.Types.Int)
        (xs_aV3 [Occ=Once1] :: [a_a1m0]) ->
        let {
          swap_aV4 [Occ=Once1] :: forall {b} {a}. (b, a) -> (a, b)
          [LclId]
          swap_aV4
            = \ (@b_a1md) (@a_a1mc) ->
                let {
                  swap_a1me [Occ=Once1T[0]] :: (b_a1md, a_a1mc) -> (a_a1mc, b_a1md)
                  [LclId]
                  swap_a1me
                    = \ (ds_d1nz [Occ=Once1!] :: (b_a1md, a_a1mc)) ->
                        case ds_d1nz of { (a_aV5 [Occ=Once1], b_aV6 [Occ=Once1]) ->
                        (b_aV6, a_aV5)
                        } } in
                swap_a1me } in
        GHC.Base.$
          @GHC.Types.LiftedRep
          @(Data.Map.Internal.Map a_a1m0 GHC.Types.Int)
          @[(GHC.Types.Int, a_a1m0)]
          (GHC.Base..
             @[(GHC.Types.Int, a_a1m0)]
             @[(GHC.Types.Int, a_a1m0)]
             @(Data.Map.Internal.Map a_a1m0 GHC.Types.Int)
             (GHC.List.take @(GHC.Types.Int, a_a1m0) k_aV2)
             (GHC.Base..
                @[(GHC.Types.Int, a_a1m0)]
                @[(GHC.Types.Int, a_a1m0)]
                @(Data.Map.Internal.Map a_a1m0 GHC.Types.Int)
                (GHC.List.reverse @(GHC.Types.Int, a_a1m0))
                (GHC.Base..
                   @[(GHC.Types.Int, a_a1m0)]
                   @[(GHC.Types.Int, a_a1m0)]
                   @(Data.Map.Internal.Map a_a1m0 GHC.Types.Int)
                   (Data.OldList.sort @(GHC.Types.Int, a_a1m0) $dOrd_a1mF)
                   (GHC.Base..
                      @[(a_a1m0, GHC.Types.Int)]
                      @[(GHC.Types.Int, a_a1m0)]
                      @(Data.Map.Internal.Map a_a1m0 GHC.Types.Int)
                      (GHC.Base.map
                         @(a_a1m0, GHC.Types.Int)
                         @(GHC.Types.Int, a_a1m0)
                         (swap_aV4 @a_a1m0 @GHC.Types.Int))
                      (Data.Map.Internal.toList @a_a1m0 @GHC.Types.Int)))))
          (Big2.freqMap @a_a1m0 $dOrd_a1mS xs_aV3)

$dFoldable_a1ke [Occ=Once1] :: Data.Foldable.Foldable []
[LclId]
$dFoldable_a1ke = Data.Foldable.$fFoldable[]

Big2.allPositive :: [GHC.Types.Int] -> GHC.Types.Bool
[LclIdX]
Big2.allPositive
  = Data.Foldable.all
      @[]
      @GHC.Types.Int
      $dFoldable_a1ke
      (GHC.Prim.rightSection
         @GHC.Types.LiftedRep
         @GHC.Types.LiftedRep
         @GHC.Types.LiftedRep
         @'Many
         @'Many
         @GHC.Types.Int
         @GHC.Types.Int
         @GHC.Types.Bool
         (GHC.Classes.> @GHC.Types.Int $dOrd_a1ko)
         (GHC.Types.I# 0#))




==================== Desugar (after optimization) ====================
Result size of Desugar (after optimization)
  = {terms: 126, types: 238, coercions: 0, joins: 0/5}

-- RHS size: {terms: 11, types: 24, coercions: 0, joins: 0/0}
dedup :: forall a. Ord a => [a] -> [a]
[LclIdX,
 Unf=Unf{Src=<vanilla>, TopLvl=True, Value=True, ConLike=True,
         WorkFree=True, Expandable=True, Guidance=IF_ARGS [30] 140 0}]
dedup
  = \ (@a_a1lp) ($dOrd_a1lq :: Ord a_a1lp) ->
      . @[[a_a1lp]]
        @[a_a1lp]
        @[a_a1lp]
        (map @[a_a1lp] @a_a1lp (head @a_a1lp))
        (. @[a_a1lp]
           @[[a_a1lp]]
           @[a_a1lp]
           (group @a_a1lp (GHC.Classes.$p1Ord @a_a1lp $dOrd_a1lq))
           (sort @a_a1lp $dOrd_a1lq))

-- RHS size: {terms: 11, types: 10, coercions: 0, joins: 0/0}
countOf :: forall a. Ord a => a -> M.Map a Int -> Int
[LclIdX,
 Unf=Unf{Src=<vanilla>, TopLvl=True, Value=True, ConLike=True,
         WorkFree=True, Expandable=True, Guidance=IF_ARGS [0 0 0] 80 0}]
countOf
  = \ (@a_a1kO)
      ($dOrd_a1kP :: Ord a_a1kO)
      (k_aXx :: a_a1kO)
      (m_aXy :: M.Map a_a1kO Int) ->
      fromMaybe
        @Int
        (GHC.Types.I# 0#)
        (M.lookup @a_a1kO @Int $dOrd_a1kP k_aXx m_aXy)

-- RHS size: {terms: 5, types: 5, coercions: 0, joins: 0/0}
cumsum :: forall a. Num a => [a] -> [a]
[LclIdX,
 Unf=Unf{Src=<vanilla>, TopLvl=True, Value=True, ConLike=True,
         WorkFree=True, Expandable=True, Guidance=IF_ARGS [30] 40 0}]
cumsum
  = \ (@a_a1jZ) ($dNum_a1k0 :: Num a_a1jZ) ->
      scanl1 @a_a1jZ (+ @a_a1jZ $dNum_a1k0)

-- RHS size: {terms: 5, types: 0, coercions: 0, joins: 0/0}
Big2.$trModule :: GHC.Types.Module
[LclIdX,
 Unf=Unf{Src=<vanilla>, TopLvl=True, Value=True, ConLike=True,
         WorkFree=True, Expandable=True, Guidance=IF_ARGS [] 70 10}]
Big2.$trModule
  = GHC.Types.Module
      (GHC.Types.TrNameS "main"#) (GHC.Types.TrNameS "Big2"#)

-- RHS size: {terms: 23, types: 29, coercions: 0, joins: 0/1}
freqMap :: forall a. Ord a => [a] -> M.Map a Int
[LclIdX,
 Unf=Unf{Src=<vanilla>, TopLvl=True, Value=True, ConLike=True,
         WorkFree=True, Expandable=True, Guidance=IF_ARGS [0 0] 170 0}]
freqMap
  = \ (@a_a1lM) ($dOrd_a1lN :: Ord a_a1lM) (xs_aUq :: [a_a1lM]) ->
      M.fromListWith
        @a_a1lM
        @Int
        $dOrd_a1lN
        (+ @Int GHC.Num.$fNumInt)
        (letrec {
           ds_d1ns [Occ=LoopBreaker] :: [a_a1lM] -> [(a_a1lM, Int)]
           [LclId,
            Unf=Unf{Src=<vanilla>, TopLvl=False, Value=True, ConLike=True,
                    WorkFree=True, Expandable=True, Guidance=IF_ARGS [30] 70 20}]
           ds_d1ns
             = \ (ds_d1nt :: [a_a1lM]) ->
                 case ds_d1nt of {
                   [] -> GHC.Types.[] @(a_a1lM, Int);
                   : ds_d1nu ds_d1nv ->
                     GHC.Types.:
                       @(a_a1lM, Int) (ds_d1nu, GHC.Types.I# 1#) (ds_d1ns ds_d1nv)
                 }; } in
         ds_d1ns xs_aUq)

-- RHS size: {terms: 11, types: 7, coercions: 0, joins: 0/0}
scaleAndShift :: Int -> Int -> [Int] -> [Int]
[LclIdX,
 Unf=Unf{Src=<vanilla>, TopLvl=True, Value=True, ConLike=True,
         WorkFree=True, Expandable=True, Guidance=IF_ARGS [0 0] 110 0}]
scaleAndShift
  = \ (s_aXA :: Int) (n_aXB :: Int) ->
      map
        @Int
        @Int
        (\ (x_aXC :: Int) ->
           + @Int
             GHC.Num.$fNumInt
             (* @Int GHC.Num.$fNumInt x_aXC s_aXA)
             n_aXB)

-- RHS size: {terms: 9, types: 8, coercions: 0, joins: 0/1}
shift :: Int -> [Int] -> [Int]
[LclIdX,
 Unf=Unf{Src=<vanilla>, TopLvl=True, Value=True, ConLike=True,
         WorkFree=True, Expandable=True, Guidance=IF_ARGS [0] 90 0}]
shift
  = \ (n_aXz :: Int) ->
      map
        @Int
        @Int
        (let {
           v_B1 :: Int -> Int -> Int
           [LclId,
            Unf=Unf{Src=<vanilla>, TopLvl=False, Value=False, ConLike=False,
                    WorkFree=False, Expandable=True, Guidance=IF_ARGS [] 20 0}]
           v_B1 = + @Int GHC.Num.$fNumInt } in
         \ (v_B2 :: Int) -> v_B1 v_B2 n_aXz)

-- RHS size: {terms: 30, types: 92, coercions: 0, joins: 0/1}
topK :: forall a. Ord a => Int -> [a] -> [(Int, a)]
[LclIdX,
 Unf=Unf{Src=<vanilla>, TopLvl=True, Value=True, ConLike=True,
         WorkFree=True, Expandable=True, Guidance=IF_ARGS [0] 330 60}]
topK
  = \ (@a_a1m0) ($dOrd_a1m1 :: Ord a_a1m0) ->
      let {
        $dOrd_a1mF :: Ord (Int, a_a1m0)
        [LclId,
         Unf=Unf{Src=<vanilla>, TopLvl=False, Value=False, ConLike=False,
                 WorkFree=False, Expandable=True, Guidance=IF_ARGS [] 30 0}]
        $dOrd_a1mF
          = GHC.Classes.$fOrd(,)
              @Int @a_a1m0 GHC.Classes.$fOrdInt $dOrd_a1m1 } in
      \ (k_aV2 :: Int) (xs_aV3 :: [a_a1m0]) ->
        $ @GHC.Types.LiftedRep
          @(M.Map a_a1m0 Int)
          @[(Int, a_a1m0)]
          (. @[(Int, a_a1m0)]
             @[(Int, a_a1m0)]
             @(M.Map a_a1m0 Int)
             (take @(Int, a_a1m0) k_aV2)
             (. @[(Int, a_a1m0)]
                @[(Int, a_a1m0)]
                @(M.Map a_a1m0 Int)
                (reverse @(Int, a_a1m0))
                (. @[(Int, a_a1m0)]
                   @[(Int, a_a1m0)]
                   @(M.Map a_a1m0 Int)
                   (sort @(Int, a_a1m0) $dOrd_a1mF)
                   (. @[(a_a1m0, Int)]
                      @[(Int, a_a1m0)]
                      @(M.Map a_a1m0 Int)
                      (map
                         @(a_a1m0, Int)
                         @(Int, a_a1m0)
                         (\ (ds_d1nz :: (a_a1m0, Int)) ->
                            case ds_d1nz of { (a_aV5, b_aV6) -> (b_aV6, a_aV5) }))
                      (M.toList @a_a1m0 @Int)))))
          (freqMap @a_a1m0 $dOrd_a1m1 xs_aV3)

-- RHS size: {terms: 12, types: 8, coercions: 0, joins: 0/2}
allPositive :: [Int] -> Bool
[LclIdX,
 Unf=Unf{Src=<vanilla>, TopLvl=True, Value=False, ConLike=False,
         WorkFree=False, Expandable=False, Guidance=IF_ARGS [] 120 0}]
allPositive
  = all
      @[]
      @Int
      Data.Foldable.$fFoldable[]
      (let {
         v_B1 :: Int -> Int -> Bool
         [LclId,
          Unf=Unf{Src=<vanilla>, TopLvl=False, Value=False, ConLike=False,
                  WorkFree=False, Expandable=True, Guidance=IF_ARGS [] 20 0}]
         v_B1 = > @Int GHC.Classes.$fOrdInt } in
       let {
         v_B3 :: Int
         [LclId,
          Unf=Unf{Src=<vanilla>, TopLvl=False, Value=True, ConLike=True,
                  WorkFree=True, Expandable=True, Guidance=IF_ARGS [] 10 10}]
         v_B3 = GHC.Types.I# 0# } in
       \ (v_B2 :: Int) -> v_B1 v_B2 v_B3)




==================== Occurrence analysis ====================
Big2.dedup :: forall a. GHC.Classes.Ord a => [a] -> [a]
[LclIdX,
 Unf=Unf{Src=<vanilla>, TopLvl=True, Value=True, ConLike=True,
         WorkFree=True, Expandable=True, Guidance=IF_ARGS [30] 140 0}]
Big2.dedup
  = \ (@a_a1lp) ($dOrd_a1lq :: GHC.Classes.Ord a_a1lp) ->
      GHC.Base..
        @[[a_a1lp]]
        @[a_a1lp]
        @[a_a1lp]
        (GHC.Base.map @[a_a1lp] @a_a1lp (GHC.List.head @a_a1lp))
        (GHC.Base..
           @[a_a1lp]
           @[[a_a1lp]]
           @[a_a1lp]
           (Data.OldList.group
              @a_a1lp (GHC.Classes.$p1Ord @a_a1lp $dOrd_a1lq))
           (Data.OldList.sort @a_a1lp $dOrd_a1lq))

Big2.countOf
  :: forall a.
     GHC.Classes.Ord a =>
     a -> Data.Map.Internal.Map a GHC.Types.Int -> GHC.Types.Int
[LclIdX,
 Unf=Unf{Src=<vanilla>, TopLvl=True, Value=True, ConLike=True,
         WorkFree=True, Expandable=True, Guidance=IF_ARGS [0 0 0] 80 0}]
Big2.countOf
  = \ (@a_a1kO)
      ($dOrd_a1kP [Occ=Once1] :: GHC.Classes.Ord a_a1kO)
      (k_aXx [Occ=Once1] :: a_a1kO)
      (m_aXy [Occ=Once1]
         :: Data.Map.Internal.Map a_a1kO GHC.Types.Int) ->
      Data.Maybe.fromMaybe
        @GHC.Types.Int
        (GHC.Types.I# 0#)
        (Data.Map.Internal.lookup
           @a_a1kO @GHC.Types.Int $dOrd_a1kP k_aXx m_aXy)

Big2.cumsum :: forall a. GHC.Num.Num a => [a] -> [a]
[LclIdX,
 Unf=Unf{Src=<vanilla>, TopLvl=True, Value=True, ConLike=True,
         WorkFree=True, Expandable=True, Guidance=IF_ARGS [30] 40 0}]
Big2.cumsum
  = \ (@a_a1jZ) ($dNum_a1k0 [Occ=Once1] :: GHC.Num.Num a_a1jZ) ->
      GHC.List.scanl1 @a_a1jZ (GHC.Num.+ @a_a1jZ $dNum_a1k0)

Big2.$trModule :: GHC.Types.Module
[LclIdX,
 Unf=Unf{Src=<vanilla>, TopLvl=True, Value=True, ConLike=True,
         WorkFree=True, Expandable=True, Guidance=IF_ARGS [] 70 10}]
Big2.$trModule
  = GHC.Types.Module
      (GHC.Types.TrNameS "main"#) (GHC.Types.TrNameS "Big2"#)

Big2.freqMap
  :: forall a.
     GHC.Classes.Ord a =>
     [a] -> Data.Map.Internal.Map a GHC.Types.Int
[LclIdX,
 Unf=Unf{Src=<vanilla>, TopLvl=True, Value=True, ConLike=True,
         WorkFree=True, Expandable=True, Guidance=IF_ARGS [0 0] 170 0}]
Big2.freqMap
  = \ (@a_a1lM)
      ($dOrd_a1lN [Occ=Once1] :: GHC.Classes.Ord a_a1lM)
      (xs_aUq [Occ=Once1] :: [a_a1lM]) ->
      Data.Map.Strict.Internal.fromListWith
        @a_a1lM
        @GHC.Types.Int
        $dOrd_a1lN
        (GHC.Num.+ @GHC.Types.Int GHC.Num.$fNumInt)
        (letrec {
           ds_d1ns [Occ=LoopBreaker] :: [a_a1lM] -> [(a_a1lM, GHC.Types.Int)]
           [LclId,
            Unf=Unf{Src=<vanilla>, TopLvl=False, Value=True, ConLike=True,
                    WorkFree=True, Expandable=True, Guidance=IF_ARGS [30] 70 20}]
           ds_d1ns
             = \ (ds_d1nt [Occ=Once1!] :: [a_a1lM]) ->
                 case ds_d1nt of {
                   [] -> GHC.Types.[] @(a_a1lM, GHC.Types.Int);
                   : ds_d1nu [Occ=Once1] ds_d1nv [Occ=Once1] ->
                     GHC.Types.:
                       @(a_a1lM, GHC.Types.Int)
                       (ds_d1nu, GHC.Types.I# 1#)
                       (ds_d1ns ds_d1nv)
                 }; } in
         ds_d1ns xs_aUq)

Big2.scaleAndShift
  :: GHC.Types.Int
     -> GHC.Types.Int -> [GHC.Types.Int] -> [GHC.Types.Int]
[LclIdX,
 Unf=Unf{Src=<vanilla>, TopLvl=True, Value=True, ConLike=True,
         WorkFree=True, Expandable=True, Guidance=IF_ARGS [0 0] 110 0}]
Big2.scaleAndShift
  = \ (s_aXA [Occ=OnceL1] :: GHC.Types.Int)
      (n_aXB [Occ=OnceL1] :: GHC.Types.Int) ->
      GHC.Base.map
        @GHC.Types.Int
        @GHC.Types.Int
        (\ (x_aXC [Occ=Once1] :: GHC.Types.Int) ->
           GHC.Num.+
             @GHC.Types.Int
             GHC.Num.$fNumInt
             (GHC.Num.* @GHC.Types.Int GHC.Num.$fNumInt x_aXC s_aXA)
             n_aXB)

Big2.shift :: GHC.Types.Int -> [GHC.Types.Int] -> [GHC.Types.Int]
[LclIdX,
 Unf=Unf{Src=<vanilla>, TopLvl=True, Value=True, ConLike=True,
         WorkFree=True, Expandable=True, Guidance=IF_ARGS [0] 90 0}]
Big2.shift
  = \ (n_aXz [Occ=OnceL1] :: GHC.Types.Int) ->
      GHC.Base.map
        @GHC.Types.Int
        @GHC.Types.Int
        (let {
           v_B1 [Occ=OnceL1!]
             :: GHC.Types.Int -> GHC.Types.Int -> GHC.Types.Int
           [LclId,
            Unf=Unf{Src=<vanilla>, TopLvl=False, Value=False, ConLike=False,
                    WorkFree=False, Expandable=True, Guidance=IF_ARGS [] 20 0}]
           v_B1 = GHC.Num.+ @GHC.Types.Int GHC.Num.$fNumInt } in
         \ (v_B2 [Occ=Once1] :: GHC.Types.Int) -> v_B1 v_B2 n_aXz)

Big2.topK
  :: forall a.
     GHC.Classes.Ord a =>
     GHC.Types.Int -> [a] -> [(GHC.Types.Int, a)]
[LclIdX,
 Unf=Unf{Src=<vanilla>, TopLvl=True, Value=True, ConLike=True,
         WorkFree=True, Expandable=True, Guidance=IF_ARGS [0] 330 60}]
Big2.topK
  = \ (@a_a1m0) ($dOrd_a1m1 :: GHC.Classes.Ord a_a1m0) ->
      let {
        $dOrd_a1mF [Occ=OnceL1] :: GHC.Classes.Ord (GHC.Types.Int, a_a1m0)
        [LclId,
         Unf=Unf{Src=<vanilla>, TopLvl=False, Value=False, ConLike=False,
                 WorkFree=False, Expandable=True, Guidance=IF_ARGS [] 30 0}]
        $dOrd_a1mF
          = GHC.Classes.$fOrd(,)
              @GHC.Types.Int @a_a1m0 GHC.Classes.$fOrdInt $dOrd_a1m1 } in
      \ (k_aV2 [Occ=Once1] :: GHC.Types.Int)
        (xs_aV3 [Occ=Once1] :: [a_a1m0]) ->
        GHC.Base.$
          @GHC.Types.LiftedRep
          @(Data.Map.Internal.Map a_a1m0 GHC.Types.Int)
          @[(GHC.Types.Int, a_a1m0)]
          (GHC.Base..
             @[(GHC.Types.Int, a_a1m0)]
             @[(GHC.Types.Int, a_a1m0)]
             @(Data.Map.Internal.Map a_a1m0 GHC.Types.Int)
             (GHC.List.take @(GHC.Types.Int, a_a1m0) k_aV2)
             (GHC.Base..
                @[(GHC.Types.Int, a_a1m0)]
                @[(GHC.Types.Int, a_a1m0)]
                @(Data.Map.Internal.Map a_a1m0 GHC.Types.Int)
                (GHC.List.reverse @(GHC.Types.Int, a_a1m0))
                (GHC.Base..
                   @[(GHC.Types.Int, a_a1m0)]
                   @[(GHC.Types.Int, a_a1m0)]
                   @(Data.Map.Internal.Map a_a1m0 GHC.Types.Int)
                   (Data.OldList.sort @(GHC.Types.Int, a_a1m0) $dOrd_a1mF)
                   (GHC.Base..
                      @[(a_a1m0, GHC.Types.Int)]
                      @[(GHC.Types.Int, a_a1m0)]
                      @(Data.Map.Internal.Map a_a1m0 GHC.Types.Int)
                      (GHC.Base.map
                         @(a_a1m0, GHC.Types.Int)
                         @(GHC.Types.Int, a_a1m0)
                         (\ (ds_d1nz [Occ=Once1!] :: (a_a1m0, GHC.Types.Int)) ->
                            case ds_d1nz of { (a_aV5 [Occ=Once1], b_aV6 [Occ=Once1]) ->
                            (b_aV6, a_aV5)
                            }))
                      (Data.Map.Internal.toList @a_a1m0 @GHC.Types.Int)))))
          (Big2.freqMap @a_a1m0 $dOrd_a1m1 xs_aV3)

Big2.allPositive :: [GHC.Types.Int] -> GHC.Types.Bool
[LclIdX,
 Unf=Unf{Src=<vanilla>, TopLvl=True, Value=False, ConLike=False,
         WorkFree=False, Expandable=False, Guidance=IF_ARGS [] 120 0}]
Big2.allPositive
  = Data.Foldable.all
      @[]
      @GHC.Types.Int
      Data.Foldable.$fFoldable[]
      (let {
         v_B1 [Occ=OnceL1!]
           :: GHC.Types.Int -> GHC.Types.Int -> GHC.Types.Bool
         [LclId,
          Unf=Unf{Src=<vanilla>, TopLvl=False, Value=False, ConLike=False,
                  WorkFree=False, Expandable=True, Guidance=IF_ARGS [] 20 0}]
         v_B1 = GHC.Classes.> @GHC.Types.Int GHC.Classes.$fOrdInt } in
       let {
         v_B3 [Occ=OnceL1] :: GHC.Types.Int
         [LclId,
          Unf=Unf{Src=<vanilla>, TopLvl=False, Value=True, ConLike=True,
                  WorkFree=True, Expandable=True, Guidance=IF_ARGS [] 10 10}]
         v_B3 = GHC.Types.I# 0# } in
       \ (v_B2 [Occ=Once1] :: GHC.Types.Int) -> v_B1 v_B2 v_B3)




==================== Occurrence analysis ====================
Big2.dedup :: forall a. GHC.Classes.Ord a => [a] -> [a]
[LclIdX,
 Arity=1,
 Unf=Unf{Src=<vanilla>, TopLvl=True, Value=True, ConLike=True,
         WorkFree=True, Expandable=True, Guidance=IF_ARGS [30] 140 0}]
Big2.dedup
  = \ (@a_a1lp) ($dOrd_a1lq :: GHC.Classes.Ord a_a1lp) ->
      GHC.Base..
        @[[a_a1lp]]
        @[a_a1lp]
        @[a_a1lp]
        (GHC.Base.map @[a_a1lp] @a_a1lp (GHC.List.head @a_a1lp))
        (GHC.Base..
           @[a_a1lp]
           @[[a_a1lp]]
           @[a_a1lp]
           (Data.OldList.group
              @a_a1lp (GHC.Classes.$p1Ord @a_a1lp $dOrd_a1lq))
           (Data.OldList.sort @a_a1lp $dOrd_a1lq))

Big2.countOf
  :: forall a.
     GHC.Classes.Ord a =>
     a -> Data.Map.Internal.Map a GHC.Types.Int -> GHC.Types.Int
[LclIdX,
 Arity=3,
 Unf=Unf{Src=<vanilla>, TopLvl=True, Value=True, ConLike=True,
         WorkFree=True, Expandable=True, Guidance=IF_ARGS [0 0 0] 80 0}]
Big2.countOf
  = \ (@a_a1kO)
      ($dOrd_a1kP [Occ=Once1] :: GHC.Classes.Ord a_a1kO)
      (k_aXx [Occ=Once1] :: a_a1kO)
      (m_aXy [Occ=Once1]
         :: Data.Map.Internal.Map a_a1kO GHC.Types.Int) ->
      Data.Maybe.fromMaybe
        @GHC.Types.Int
        (GHC.Types.I# 0#)
        (Data.Map.Internal.lookup
           @a_a1kO @GHC.Types.Int $dOrd_a1kP k_aXx m_aXy)

Big2.cumsum :: forall a. GHC.Num.Num a => [a] -> [a]
[LclIdX,
 Arity=1,
 Unf=Unf{Src=<vanilla>, TopLvl=True, Value=True, ConLike=True,
         WorkFree=True, Expandable=True, Guidance=IF_ARGS [30] 40 0}]
Big2.cumsum
  = \ (@a_a1jZ) ($dNum_a1k0 [Occ=Once1] :: GHC.Num.Num a_a1jZ) ->
      GHC.List.scanl1 @a_a1jZ (GHC.Num.+ @a_a1jZ $dNum_a1k0)

$trModule_s1nA [Occ=OnceL1] :: GHC.Prim.Addr#
[LclId,
 Unf=Unf{Src=<vanilla>, TopLvl=True, Value=True, ConLike=True,
         WorkFree=True, Expandable=True, Guidance=IF_ARGS [] 20 0}]
$trModule_s1nA = "main"#

$trModule_s1nB [Occ=OnceL1] :: GHC.Types.TrName
[LclId,
 Unf=Unf{Src=<vanilla>, TopLvl=True, Value=True, ConLike=True,
         WorkFree=True, Expandable=True, Guidance=IF_ARGS [] 10 10}]
$trModule_s1nB = GHC.Types.TrNameS $trModule_s1nA

$trModule_s1nC [Occ=OnceL1] :: GHC.Prim.Addr#
[LclId,
 Unf=Unf{Src=<vanilla>, TopLvl=True, Value=True, ConLike=True,
         WorkFree=True, Expandable=True, Guidance=IF_ARGS [] 20 0}]
$trModule_s1nC = "Big2"#

$trModule_s1nD [Occ=OnceL1] :: GHC.Types.TrName
[LclId,
 Unf=Unf{Src=<vanilla>, TopLvl=True, Value=True, ConLike=True,
         WorkFree=True, Expandable=True, Guidance=IF_ARGS [] 10 10}]
$trModule_s1nD = GHC.Types.TrNameS $trModule_s1nC

Big2.$trModule :: GHC.Types.Module
[LclIdX,
 Unf=Unf{Src=<vanilla>, TopLvl=True, Value=True, ConLike=True,
         WorkFree=True, Expandable=True, Guidance=IF_ARGS [] 10 10}]
Big2.$trModule = GHC.Types.Module $trModule_s1nB $trModule_s1nD

Big2.freqMap
  :: forall a.
     GHC.Classes.Ord a =>
     [a] -> Data.Map.Internal.Map a GHC.Types.Int
[LclIdX,
 Arity=2,
 Unf=Unf{Src=<vanilla>, TopLvl=True, Value=True, ConLike=True,
         WorkFree=True, Expandable=True, Guidance=IF_ARGS [0 0] 170 0}]
Big2.freqMap
  = \ (@a_a1lM)
      ($dOrd_a1lN [Occ=Once1] :: GHC.Classes.Ord a_a1lM)
      (xs_aUq [Occ=Once1] :: [a_a1lM]) ->
      Data.Map.Strict.Internal.fromListWith
        @a_a1lM
        @GHC.Types.Int
        $dOrd_a1lN
        (GHC.Num.+ @GHC.Types.Int GHC.Num.$fNumInt)
        (letrec {
           ds_d1ns [Occ=LoopBreaker] :: [a_a1lM] -> [(a_a1lM, GHC.Types.Int)]
           [LclId,
            Arity=1,
            Unf=Unf{Src=<vanilla>, TopLvl=False, Value=True, ConLike=True,
                    WorkFree=True, Expandable=True, Guidance=IF_ARGS [30] 70 20}]
           ds_d1ns
             = \ (ds_d1nt [Occ=Once1!] :: [a_a1lM]) ->
                 case ds_d1nt of {
                   [] -> GHC.Types.[] @(a_a1lM, GHC.Types.Int);
                   : ds_d1nu [Occ=Once1] ds_d1nv [Occ=Once1] ->
                     GHC.Types.:
                       @(a_a1lM, GHC.Types.Int)
                       (ds_d1nu, GHC.Types.I# 1#)
                       (ds_d1ns ds_d1nv)
                 }; } in
         ds_d1ns xs_aUq)

Big2.scaleAndShift
  :: GHC.Types.Int
     -> GHC.Types.Int -> [GHC.Types.Int] -> [GHC.Types.Int]
[LclIdX,
 Arity=2,
 Unf=Unf{Src=<vanilla>, TopLvl=True, Value=True, ConLike=True,
         WorkFree=True, Expandable=True, Guidance=IF_ARGS [0 0] 110 0}]
Big2.scaleAndShift
  = \ (s_aXA [Occ=OnceL1] :: GHC.Types.Int)
      (n_aXB [Occ=OnceL1] :: GHC.Types.Int) ->
      GHC.Base.map
        @GHC.Types.Int
        @GHC.Types.Int
        (\ (x_aXC [Occ=Once1] :: GHC.Types.Int) ->
           GHC.Num.+
             @GHC.Types.Int
             GHC.Num.$fNumInt
             (GHC.Num.* @GHC.Types.Int GHC.Num.$fNumInt x_aXC s_aXA)
             n_aXB)

Big2.shift :: GHC.Types.Int -> [GHC.Types.Int] -> [GHC.Types.Int]
[LclIdX,
 Arity=1,
 Unf=Unf{Src=<vanilla>, TopLvl=True, Value=True, ConLike=True,
         WorkFree=True, Expandable=True, Guidance=IF_ARGS [0] 90 0}]
Big2.shift
  = \ (n_aXz [Occ=OnceL1] :: GHC.Types.Int) ->
      GHC.Base.map
        @GHC.Types.Int
        @GHC.Types.Int
        (let {
           v_B1 [Occ=OnceL1!]
             :: GHC.Types.Int -> GHC.Types.Int -> GHC.Types.Int
           [LclId,
            Unf=Unf{Src=<vanilla>, TopLvl=False, Value=False, ConLike=False,
                    WorkFree=False, Expandable=True, Guidance=IF_ARGS [] 20 0}]
           v_B1 = GHC.Num.+ @GHC.Types.Int GHC.Num.$fNumInt } in
         \ (v_B2 [Occ=Once1] :: GHC.Types.Int) -> v_B1 v_B2 n_aXz)

Big2.topK
  :: forall a.
     GHC.Classes.Ord a =>
     GHC.Types.Int -> [a] -> [(GHC.Types.Int, a)]
[LclIdX,
 Arity=1,
 Unf=Unf{Src=<vanilla>, TopLvl=True, Value=True, ConLike=True,
         WorkFree=True, Expandable=True, Guidance=IF_ARGS [0] 330 60}]
Big2.topK
  = \ (@a_a1m0) ($dOrd_a1m1 :: GHC.Classes.Ord a_a1m0) ->
      let {
        $dOrd_a1mF [Occ=OnceL1] :: GHC.Classes.Ord (GHC.Types.Int, a_a1m0)
        [LclId,
         Unf=Unf{Src=<vanilla>, TopLvl=False, Value=False, ConLike=False,
                 WorkFree=False, Expandable=True, Guidance=IF_ARGS [] 30 0}]
        $dOrd_a1mF
          = GHC.Classes.$fOrd(,)
              @GHC.Types.Int @a_a1m0 GHC.Classes.$fOrdInt $dOrd_a1m1 } in
      \ (k_aV2 [Occ=Once1] :: GHC.Types.Int)
        (xs_aV3 [Occ=Once1] :: [a_a1m0]) ->
        GHC.Base.$
          @GHC.Types.LiftedRep
          @(Data.Map.Internal.Map a_a1m0 GHC.Types.Int)
          @[(GHC.Types.Int, a_a1m0)]
          (GHC.Base..
             @[(GHC.Types.Int, a_a1m0)]
             @[(GHC.Types.Int, a_a1m0)]
             @(Data.Map.Internal.Map a_a1m0 GHC.Types.Int)
             (GHC.List.take @(GHC.Types.Int, a_a1m0) k_aV2)
             (GHC.Base..
                @[(GHC.Types.Int, a_a1m0)]
                @[(GHC.Types.Int, a_a1m0)]
                @(Data.Map.Internal.Map a_a1m0 GHC.Types.Int)
                (GHC.List.reverse @(GHC.Types.Int, a_a1m0))
                (GHC.Base..
                   @[(GHC.Types.Int, a_a1m0)]
                   @[(GHC.Types.Int, a_a1m0)]
                   @(Data.Map.Internal.Map a_a1m0 GHC.Types.Int)
                   (Data.OldList.sort @(GHC.Types.Int, a_a1m0) $dOrd_a1mF)
                   (GHC.Base..
                      @[(a_a1m0, GHC.Types.Int)]
                      @[(GHC.Types.Int, a_a1m0)]
                      @(Data.Map.Internal.Map a_a1m0 GHC.Types.Int)
                      (GHC.Base.map
                         @(a_a1m0, GHC.Types.Int)
                         @(GHC.Types.Int, a_a1m0)
                         (\ (ds_d1nz [Occ=Once1!] :: (a_a1m0, GHC.Types.Int)) ->
                            case ds_d1nz of { (a_aV5 [Occ=Once1], b_aV6 [Occ=Once1]) ->
                            (b_aV6, a_aV5)
                            }))
                      (Data.Map.Internal.toList @a_a1m0 @GHC.Types.Int)))))
          (Big2.freqMap @a_a1m0 $dOrd_a1m1 xs_aV3)

Big2.allPositive :: [GHC.Types.Int] -> GHC.Types.Bool
[LclIdX,
 Unf=Unf{Src=<vanilla>, TopLvl=True, Value=False, ConLike=False,
         WorkFree=False, Expandable=False, Guidance=IF_ARGS [] 120 0}]
Big2.allPositive
  = Data.Foldable.all
      @[]
      @GHC.Types.Int
      Data.Foldable.$fFoldable[]
      (let {
         v_B1 [Occ=OnceL1!]
           :: GHC.Types.Int -> GHC.Types.Int -> GHC.Types.Bool
         [LclId,
          Unf=Unf{Src=<vanilla>, TopLvl=False, Value=False, ConLike=False,
                  WorkFree=False, Expandable=True, Guidance=IF_ARGS [] 20 0}]
         v_B1 = GHC.Classes.> @GHC.Types.Int GHC.Classes.$fOrdInt } in
       let {
         v_B3 [Occ=OnceL1] :: GHC.Types.Int
         [LclId,
          Unf=Unf{Src=<vanilla>, TopLvl=False, Value=True, ConLike=True,
                  WorkFree=True, Expandable=True, Guidance=IF_ARGS [] 10 10}]
         v_B3 = GHC.Types.I# 0# } in
       \ (v_B2 [Occ=Once1] :: GHC.Types.Int) -> v_B1 v_B2 v_B3)




==================== Tidy Core ====================
Result size of Tidy Core
  = {terms: 134, types: 242, coercions: 0, joins: 0/5}

-- RHS size: {terms: 11, types: 24, coercions: 0, joins: 0/0}
dedup :: forall a. Ord a => [a] -> [a]
[GblId, Arity=1, Unf=OtherCon []]
dedup
  = \ (@a_a1lp) ($dOrd_a1lq :: Ord a_a1lp) ->
      . @[[a_a1lp]]
        @[a_a1lp]
        @[a_a1lp]
        (map @[a_a1lp] @a_a1lp (head @a_a1lp))
        (. @[a_a1lp]
           @[[a_a1lp]]
           @[a_a1lp]
           (group @a_a1lp (GHC.Classes.$p1Ord @a_a1lp $dOrd_a1lq))
           (sort @a_a1lp $dOrd_a1lq))

-- RHS size: {terms: 11, types: 10, coercions: 0, joins: 0/0}
countOf :: forall a. Ord a => a -> M.Map a Int -> Int
[GblId, Arity=3, Unf=OtherCon []]
countOf
  = \ (@a_a1kO)
      ($dOrd_a1kP :: Ord a_a1kO)
      (k_aXx :: a_a1kO)
      (m_aXy :: M.Map a_a1kO Int) ->
      fromMaybe
        @Int
        (GHC.Types.I# 0#)
        (M.lookup @a_a1kO @Int $dOrd_a1kP k_aXx m_aXy)

-- RHS size: {terms: 5, types: 5, coercions: 0, joins: 0/0}
cumsum :: forall a. Num a => [a] -> [a]
[GblId, Arity=1, Unf=OtherCon []]
cumsum
  = \ (@a_a1jZ) ($dNum_a1k0 :: Num a_a1jZ) ->
      scanl1 @a_a1jZ (+ @a_a1jZ $dNum_a1k0)

-- RHS size: {terms: 1, types: 0, coercions: 0, joins: 0/0}
$trModule1_r1ne :: GHC.Prim.Addr#
[GblId, Unf=OtherCon []]
$trModule1_r1ne = "main"#

-- RHS size: {terms: 2, types: 0, coercions: 0, joins: 0/0}
$trModule2_r1nE :: GHC.Types.TrName
[GblId, Unf=OtherCon []]
$trModule2_r1nE = GHC.Types.TrNameS $trModule1_r1ne

-- RHS size: {terms: 1, types: 0, coercions: 0, joins: 0/0}
$trModule3_r1nF :: GHC.Prim.Addr#
[GblId, Unf=OtherCon []]
$trModule3_r1nF = "Big2"#

-- RHS size: {terms: 2, types: 0, coercions: 0, joins: 0/0}
$trModule4_r1nG :: GHC.Types.TrName
[GblId, Unf=OtherCon []]
$trModule4_r1nG = GHC.Types.TrNameS $trModule3_r1nF

-- RHS size: {terms: 3, types: 0, coercions: 0, joins: 0/0}
Big2.$trModule :: GHC.Types.Module
[GblId, Unf=OtherCon []]
Big2.$trModule = GHC.Types.Module $trModule2_r1nE $trModule4_r1nG

-- RHS size: {terms: 23, types: 29, coercions: 0, joins: 0/1}
freqMap :: forall a. Ord a => [a] -> M.Map a Int
[GblId, Arity=2, Unf=OtherCon []]
freqMap
  = \ (@a_a1lM) ($dOrd_a1lN :: Ord a_a1lM) (xs_aUq :: [a_a1lM]) ->
      M.fromListWith
        @a_a1lM
        @Int
        $dOrd_a1lN
        (+ @Int GHC.Num.$fNumInt)
        (letrec {
           ds_d1ns [Occ=LoopBreaker] :: [a_a1lM] -> [(a_a1lM, Int)]
           [LclId, Arity=1, Unf=OtherCon []]
           ds_d1ns
             = \ (ds1_d1nt :: [a_a1lM]) ->
                 case ds1_d1nt of {
                   [] -> GHC.Types.[] @(a_a1lM, Int);
                   : ds3_d1nu ds4_d1nv ->
                     GHC.Types.:
                       @(a_a1lM, Int) (ds3_d1nu, GHC.Types.I# 1#) (ds_d1ns ds4_d1nv)
                 }; } in
         ds_d1ns xs_aUq)

-- RHS size: {terms: 11, types: 7, coercions: 0, joins: 0/0}
scaleAndShift :: Int -> Int -> [Int] -> [Int]
[GblId, Arity=2, Unf=OtherCon []]
scaleAndShift
  = \ (s_aXA :: Int) (n_aXB :: Int) ->
      map
        @Int
        @Int
        (\ (x_aXC :: Int) ->
           + @Int
             GHC.Num.$fNumInt
             (* @Int GHC.Num.$fNumInt x_aXC s_aXA)
             n_aXB)

-- RHS size: {terms: 9, types: 8, coercions: 0, joins: 0/1}
shift :: Int -> [Int] -> [Int]
[GblId, Arity=1, Unf=OtherCon []]
shift
  = \ (n_aXz :: Int) ->
      map
        @Int
        @Int
        (let {
           v_B1 :: Int -> Int -> Int
           [LclId]
           v_B1 = + @Int GHC.Num.$fNumInt } in
         \ (v1_B2 :: Int) -> v_B1 v1_B2 n_aXz)

-- RHS size: {terms: 30, types: 92, coercions: 0, joins: 0/1}
topK :: forall a. Ord a => Int -> [a] -> [(Int, a)]
[GblId, Arity=1, Unf=OtherCon []]
topK
  = \ (@a_a1m0) ($dOrd_a1m1 :: Ord a_a1m0) ->
      let {
        $dOrd1_a1mF :: Ord (Int, a_a1m0)
        [LclId]
        $dOrd1_a1mF
          = GHC.Classes.$fOrd(,)
              @Int @a_a1m0 GHC.Classes.$fOrdInt $dOrd_a1m1 } in
      \ (k_aV2 :: Int) (xs_aV3 :: [a_a1m0]) ->
        $ @GHC.Types.LiftedRep
          @(M.Map a_a1m0 Int)
          @[(Int, a_a1m0)]
          (. @[(Int, a_a1m0)]
             @[(Int, a_a1m0)]
             @(M.Map a_a1m0 Int)
             (take @(Int, a_a1m0) k_aV2)
             (. @[(Int, a_a1m0)]
                @[(Int, a_a1m0)]
                @(M.Map a_a1m0 Int)
                (reverse @(Int, a_a1m0))
                (. @[(Int, a_a1m0)]
                   @[(Int, a_a1m0)]
                   @(M.Map a_a1m0 Int)
                   (sort @(Int, a_a1m0) $dOrd1_a1mF)
                   (. @[(a_a1m0, Int)]
                      @[(Int, a_a1m0)]
                      @(M.Map a_a1m0 Int)
                      (map
                         @(a_a1m0, Int)
                         @(Int, a_a1m0)
                         (\ (ds_d1nz :: (a_a1m0, Int)) ->
                            case ds_d1nz of { (a1_aV5, b_aV6) -> (b_aV6, a1_aV5) }))
                      (M.toList @a_a1m0 @Int)))))
          (freqMap @a_a1m0 $dOrd_a1m1 xs_aV3)

-- RHS size: {terms: 12, types: 8, coercions: 0, joins: 0/2}
allPositive :: [Int] -> Bool
[GblId]
allPositive
  = all
      @[]
      @Int
      Data.Foldable.$fFoldable[]
      (let {
         v_B1 :: Int -> Int -> Bool
         [LclId]
         v_B1 = > @Int GHC.Classes.$fOrdInt } in
       let {
         v1_B3 :: Int
         [LclId, Unf=OtherCon []]
         v1_B3 = GHC.Types.I# 0# } in
       \ (v2_B2 :: Int) -> v_B1 v2_B2 v1_B3)



