Glasgow Haskell Compiler, Version 9.2.8, stage 2 booted by GHC version 9.2.8
*** initializing unit database:
Using binary package database: /opt/ghc-stage2/lib/package.conf.d/package.cache
package flags []
loading package database /opt/ghc-stage2/lib/package.conf.d
wired-in package ghc-prim mapped to ghc-prim-0.8.0
wired-in package ghc-bignum mapped to ghc-bignum-1.2
wired-in package base mapped to base-4.16.4.0
wired-in package rts mapped to rts-1.0.2
wired-in package template-haskell mapped to template-haskell-2.18.0.0
wired-in package ghc mapped to ghc-9.2.8
!!! initializing unit database: finished in 114.27 milliseconds, allocated 3.634 megabytes
*** Checking old interface for Big2 (use -ddump-hi-diffs for more details):
*** Parser [Big2]:
!!! Parser [Big2]: finished in 48.35 milliseconds, allocated 1.352 megabytes
*** Renamer/typechecker [Big2]:
!!! Renamer/typechecker [Big2]: finished in 1165.66 milliseconds, allocated 56.332 megabytes

Big2.hs:10:43: error:
    * GHC internal error: `swap' is not in scope during type checking, but it passed the renamer
      tcl_env of environment: [aUg :-> Type variable `a' = a :: *,
                               aUS :-> Identifier[k::Int, NotLetBound],
                               aUT :-> Identifier[xs::[a], NotLetBound],
                               rjN :-> Identifier[freqMap::forall a.
                                                           Ord a =>
                                                           [a] -> M.Map a Int, TopLevelLet],
                               rjO :-> Identifier[topK::forall a.
                                                        Ord a =>
                                                        Int
                                                        -> [a] -> [(Int, a)], TopLevelLet {} True],
                               rjP :-> Identifier[dedup::forall a.
                                                         Ord a =>
                                                         [a] -> [a], TopLevelLet {} True],
                               rjQ :-> Identifier[countOf::forall a.
                                                           Ord a =>
                                                           a
                                                           -> M.Map a Int
                                                           -> Int, TopLevelLet {} True],
                               rjR :-> Identifier[shift::Int
                                                         -> [Int] -> [Int], TopLevelLet {} True],
                               rjS :-> Identifier[scaleAndShift::Int
                                                                 -> Int
                                                                 -> [Int]
                                                                 -> [Int], TopLevelLet {} True],
                               rjT :-> Identifier[allPositive::[Int]
                                                               -> Bool, TopLevelLet {} True],
                               rjU :-> Identifier[cumsum::forall a.
                                                          Num a =>
                                                          [a] -> [a], TopLevelLet {} True]]
    * In the first argument of `map', namely `swap'
      In the first argument of `(.)', namely `map swap'
      In the second argument of `(.)', namely `map swap . M.toList'
   |
10 | topK k xs = take k . reverse . sort . map swap . M.toList $ freqMap xs
   |                                           ^^^^
*** Deleting temp files:
*** Deleting temp dirs:
RC=1
