  local binds for:
  Call stack:
      CallStack (from HasCallStack):
        callStackDoc, called at compiler/GHC/Utils/Panic.hs:181:37 in ghc:GHC.Utils.Panic
        pprPanic, called at compiler/GHC/StgToCmm/Env.hs:153:9 in ghc:GHC.StgToCmm.Env

Please report this as a GHC bug:  https://www.haskell.org/ghc/reportabug

M5plus_iter1_RC=0
PROBE26 #42 PlainPtr+pinned len=9
PROBE26 #43 PlainPtr+pinned len=15
PROBE26 #44 PlainPtr+pinned len=14
PROBE26 #45 PlainPtr+pinned len=16
PROBE26 #46 PlainPtr+pinned len=12
PROBE26 #47 PlainPtr+pinned len=13
PROBE26 #48 PlainPtr+pinned len=20
PROBE26 #49 PlainPtr+pinned len=12
M5plus_iter2_RC=0
PROBE26 #42 PlainPtr+pinned len=9
PROBE26 #43 PlainPtr+pinned len=15
PROBE26 #44 PlainPtr+pinned len=14
PROBE26 #45 PlainPtr+pinned len=16
PROBE26 #46 PlainPtr+pinned len=12
PROBE26 #47 PlainPtr+pinned len=13
PROBE26 #48 PlainPtr+pinned len=20
PROBE26 #49 PlainPtr+pinned len=12
M5plus_iter3_RC=0
    {})]
  Call stack:
      CallStack (from HasCallStack):
        callStackDoc, called at compiler/GHC/Utils/Panic.hs:181:37 in ghc:GHC.Utils.Panic
        pprPanic, called at compiler/GHC/Stg/DepAnal.hs:144:7 in ghc:GHC.Stg.DepAnal

Please report this as a GHC bug:  https://www.haskell.org/ghc/reportabug

M5plus_iter4_RC=0
PROBE26 #42 PlainPtr+pinned len=9
PROBE26 #43 PlainPtr+pinned len=15
PROBE26 #44 PlainPtr+pinned len=14
PROBE26 #45 PlainPtr+pinned len=16
PROBE26 #46 PlainPtr+pinned len=12
PROBE26 #47 PlainPtr+pinned len=13
PROBE26 #48 PlainPtr+pinned len=20
PROBE26 #49 PlainPtr+pinned len=12
M5plus_iter5_RC=0
