TEST T2766 rc=0
TEST T1914 rc=0
TEST T2182ghci rc=0
TEST T2976 rc=0
TEST T2816 rc=0
TEST T789 rc=0
TEST T3263 rc=0
TEST T4051 rc=0
TEST T4087 rc=0
TEST T4015 rc=0
TEST T4127 rc=0
TEST T4127a rc=0
TEST T4316 rc=0
TEST T4832 rc=0
TEST T5045 rc=0
TEST T5130 rc=0
TEST T5417 rc=0
TEST T5545 rc=0
TEST T5557 rc=0
TEST T5566 rc=0
TEST GhciKinds rc=0
TEST T5564 rc=0
TEST T5820 rc=0
TEST T5836 rc=0
TEST T6027ghci rc=0
TEST T6007 rc=0
TEST T6091 rc=0
TEST T6105 rc=0
TEST T7117 rc=0
TEST T7587 rc=0
TEST T7688 rc=0
TEST T7627 rc=0
TEST T7627b rc=0
TEST T7586 rc=0
TEST T4175 rc=0
TEST T6018ghci rc=0
TEST T6018ghcifail rc=0
TEST T6018ghcirnfail rc=0
TEST T7730 rc=0
TEST T7872 rc=0
TEST T7873 rc=0
TEST T7939 rc=0
TEST T7894 rc=0
TEST T8042 rc=0
TEST T8042recomp rc=0
TEST T8116 rc=0
TEST T8113 rc=0
TEST T8215 rc=0
TEST T8305 rc=0
TEST T8353 rc=0
TEST T8357 rc=0
TEST T8383 rc=0
TEST T8469 rc=0
TEST T8485 rc=0
TEST T8535 rc=0
TEST T8639 rc=0
TEST T8640 rc=0
TEST T8579 rc=0
TEST T8649 rc=0
TEST T8674 rc=0
TEST T8696 rc=0
TEST T8776 rc=0
TEST T8831 rc=0
TEST T8917 rc=0
TEST T8931 rc=0
TEST T8959 rc=0
TEST T8959b rc=0
TEST T9181 rc=0
TEST T9086b rc=0
TEST T9140 rc=0
TEST T9658 rc=0
TEST T9881 rc=0
TEST T9878 rc=0
TEST T10018 rc=0
TEST T10059 rc=0
TEST T10122 rc=0
TEST T10321 rc=0
TEST T10110 rc=0
TEST T10322 rc=0
TEST T10439 rc=0
TEST T10453 rc=0
TEST T10466 rc=0
TEST T10501 rc=0
TEST T10508 rc=0
TEST T10520 rc=0
TEST T10663 rc=0
TEST T10989 rc=0
TEST T11098 rc=0
TEST T11252 rc=0
TEST T10576a rc=0
TEST T10576b rc=0
TEST T11051a rc=0
TEST T11051b rc=0
TEST T11456 rc=0
TEST TypeAppData rc=0
TEST T11728 rc=0
TEST T11376 rc=0
TEST T12007 rc=0
TEST T11975 rc=0
TEST T10963 rc=0
TEST T11721 rc=0
TEST T12005 rc=0
TEST T12523 rc=0
TEST T12024 rc=0
TEST T12158 rc=0
TEST T12447 rc=0
TEST T10249 rc=0
TEST T12550 rc=0
TEST StaticPtr rc=0
TEST T13202 rc=0
TEST T13202a rc=0
TEST T13420 rc=0
TEST T13466 rc=0
TEST GhciCurDir rc=0
TEST T13699 rc=0
TEST T13988 rc=0
TEST T13407 rc=0
TEST T13795 rc=0
TEST T13963 rc=0
TEST T14796 rc=0
TEST T14969 rc=0
TEST T15259 rc=0
TEST T15341 rc=0
TEST T15568 rc=0
TEST T15325 rc=0
TEST T15591 rc=0
TEST T15743b rc=0
TEST T15827 rc=0
TEST T15872 rc=0
TEST T15898 rc=0
TEST T15941 rc=0
TEST T16030 rc=0
TEST T11606 rc=0
TEST T16089 rc=0
TEST T14828 rc=0
TEST T16376 rc=0
TEST T16527 rc=0
TEST T16569 rc=0
TEST T16767 rc=0
TEST T16575 rc=0
TEST T16509 rc=0
TEST T16804 rc=0
TEST T15546 rc=0
TEST T16876 rc=0
TEST T17345 rc=0
TEST T17384 rc=0
TEST T17403 rc=0
TEST T17431 rc=0
TEST T17549 rc=0
TEST T18501 rc=0
TEST T18644 rc=0
TEST T18755 rc=0
TEST T18828 rc=0
TEST T19197 rc=0
TEST T19158 rc=0
TEST T19279 rc=0
TEST T19310 rc=0
TEST T19667Ghci rc=0
TEST T19688 rc=0
TEST T20019 rc=0
TEST T20101 rc=0
TEST T20974 rc=0
TEST T7388 rc=0
