=== M5 iters=10 flags='+RTS -A1G -RTS' ===
iter01 rc=0 : OK
iter02 rc=0 : OK
iter03 rc=0 : OK
iter04 rc=0 : OK
iter05 rc=0 : OK
iter06 rc=0 : OK
iter07 rc=0 : OK
iter08 rc=0 : OK
iter09 rc=0 : OK
iter10 rc=0 : OK

  SUMMARY: pass=10 fail=0 of 10
  Symptom histogram:
  10 OK

=== M5 iters=10 flags='+RTS -A1m -RTS' ===
iter01 rc=1 : ghc-real: panic! (the 'impossible' happened)
iter02 rc=1 : ghc-real: panic! (the 'impossible' happened)
iter03 rc=1 : ghc-real: panic! (the 'impossible' happened)
iter04 rc=1 : ghc-real: panic! (the 'impossible' happened)
iter05 rc=1 : ghc-real: panic! (the 'impossible' happened)
iter06 rc=1 : ghc-real: panic! (the 'impossible' happened)
iter07 rc=1 : ghc-real: panic! (the 'impossible' happened)
iter08 rc=1 : ghc-real: panic! (the 'impossible' happened)
iter09 rc=1 : ghc-real: panic! (the 'impossible' happened)
iter10 rc=1 : ghc-real: panic! (the 'impossible' happened)

  SUMMARY: pass=0 fail=10 of 10
  Symptom histogram:
  10 ghc-real

=== M5 iters=10 flags='+RTS -A1m -G1 -RTS' ===
iter01 rc=0 : OK
iter02 rc=0 : OK
iter03 rc=0 : OK
iter04 rc=0 : OK
iter05 rc=0 : OK
iter06 rc=0 : OK
iter07 rc=0 : OK
iter08 rc=0 : OK
iter09 rc=0 : OK
iter10 rc=0 : OK

  SUMMARY: pass=10 fail=0 of 10
  Symptom histogram:
  10 OK

=== M5 iters=10 flags='+RTS -A512k -RTS' ===
iter01 rc=0 : OK
iter02 rc=0 : OK
iter03 rc=0 : OK
iter04 rc=1 : ghc-real: panic! (the 'impossible' happened)
iter05 rc=0 : OK
iter06 rc=0 : OK
iter07 rc=0 : OK
iter08 rc=0 : OK
iter09 rc=0 : OK
iter10 rc=0 : OK

  SUMMARY: pass=9 fail=1 of 10
  Symptom histogram:
   9 OK
   1 ghc-real

=== M5 iters=10 flags='+RTS -A4m -RTS' ===
iter01 rc=0 : OK
iter02 rc=0 : OK
iter03 rc=0 : OK
iter04 rc=0 : OK
iter05 rc=0 : OK
iter06 rc=0 : OK
iter07 rc=0 : OK
iter08 rc=0 : OK
iter09 rc=0 : OK
iter10 rc=0 : OK

  SUMMARY: pass=10 fail=0 of 10
  Symptom histogram:
  10 OK

