PROBE28 gc=1 N=0 maj=1 ng=1 preMut0=0 staticChain=181426 copiedW=8037 liveW=20355 liveB=27
PROBE29 gc=1 scav fwdHits=91 t1=100 t2=75 t3=3 t4=658 t6=1 t7=12 t8=6 t9=108 t10=14 t11=1198 t15=37 t16=161 t17=61 t18=25 t25=17 t38=3 t40=5 t44=1 t48=22 t49=5 t52=1 t53=1
PROBE29 gc=1 evac e1=100 e2=75 e3=1680 e4=658 e6=1 e7=12 e8=6 e9=108 e10=14 e11=1198 e15=37 e16=161 e17=61 e18=25 e22=6 e25=17 e38=383 e40=5 e44=1 e48=22 e49=5 e52=1 e53=1
PROBE28 gc=2 N=0 maj=1 ng=1 preMut0=0 staticChain=180067 copiedW=78391 liveW=109149 liveB=117
PROBE29 gc=2 scav fwdHits=3645 t1=2443 t2=2052 t3=9 t4=8898 t6=7 t7=12 t8=11 t9=129 t10=73 t11=509 t15=393 t16=153 t17=511 t18=2592 t22=6 t25=40 t39=4 t40=258 t42=353 t43=1 t44=256 t45=1 t47=17 t48=281 t49=6 t52=1
PROBE29 gc=2 evac e1=2443 e2=2052 e3=2012 e4=8898 e6=7 e7=12 e8=11 e9=129 e10=73 e11=509 e15=393 e16=153 e17=511 e18=2592 e22=8 e25=40 e27=2 e38=9078 e39=4 e40=258 e42=353 e43=1 e44=256 e45=1 e47=17 e48=281 e49=6 e52=1
PROBE28 gc=3 N=0 maj=1 ng=1 preMut0=0 staticChain=180037 copiedW=121967 liveW=165013 liveB=171
PROBE29 gc=3 scav fwdHits=9791 t1=4994 t2=3092 t3=9 t4=13235 t6=6 t7=12 t8=99 t9=181 t10=75 t11=567 t15=485 t16=312 t17=511 t18=3897 t22=40 t25=45 t38=36 t39=52 t40=209 t42=982 t43=49 t44=208 t46=1 t47=288 t48=3 t49=5 t52=1
PROBE29 gc=3 evac e1=4994 e2=3092 e3=163 e4=13235 e6=6 e7=12 e8=99 e9=181 e10=75 e11=567 e15=485 e16=312 e17=511 e18=3897 e22=371 e25=45 e38=4658 e39=52 e40=209 e42=982 e43=49 e44=208 e46=1 e47=288 e48=3 e49=5 e52=1
PROBE28 gc=4 N=0 maj=1 ng=1 preMut0=0 staticChain=180035 copiedW=161053 liveW=202046 liveB=207
PROBE29 gc=4 scav fwdHits=14818 t1=7690 t2=4914 t3=9 t4=16749 t6=5 t7=12 t8=39 t9=142 t10=75 t11=527 t15=453 t16=264 t17=511 t18=4599 t22=38 t25=47 t38=13 t39=9 t40=251 t42=1917 t43=6 t44=251 t46=1 t47=286 t49=4 t52=1
PROBE29 gc=4 evac e1=7690 e2=4914 e3=9 e4=16749 e6=5 e7=12 e8=39 e9=142 e10=75 e11=527 e15=453 e16=264 e17=511 e18=4599 e22=897 e25=47 e38=8042 e39=9 e40=251 e42=1917 e43=6 e44=251 e46=1 e47=286 e49=4 e52=1
PROBE28 gc=5 N=0 maj=1 ng=1 preMut0=0 staticChain=180024 copiedW=208623 liveW=254719 liveB=260
PROBE29 gc=5 scav fwdHits=20606 t1=12820 t2=6775 t3=10 t4=20783 t6=6 t7=12 t8=9 t9=124 t10=78 t11=508 t15=441 t16=240 t17=512 t18=4719 t22=37 t25=48 t38=3 t39=106 t40=155 t42=2163 t43=103 t44=154 t46=1 t47=286 t48=6 t49=5 t52=1
PROBE29 gc=5 evac e1=12820 e2=6775 e3=1674 e4=20783 e6=6 e7=12 e8=9 e9=124 e10=78 e11=508 e15=441 e16=240 e17=512 e18=4719 e22=1616 e25=48 e38=2070 e39=106 e40=155 e42=2163 e43=103 e44=154 e46=1 e47=286 e48=6 e49=5 e52=1
PROBE28 gc=6 N=0 maj=1 ng=1 preMut0=0 staticChain=178519 copiedW=235866 liveW=287083 liveB=294
PROBE29 gc=6 scav fwdHits=23623 t1=14079 t2=7599 t3=318 t4=21784 t5=170 t6=32 t7=12 t8=37 t9=1045 t10=926 t11=626 t12=4 t15=875 t16=1036 t17=514 t18=5364 t22=57 t25=96 t39=169 t40=95 t42=2277 t43=166 t44=91 t45=3 t46=1 t47=286 t48=40 t49=7 t52=1
PROBE29 gc=6 evac e1=14079 e2=7599 e3=2416 e4=21784 e5=170 e6=32 e7=12 e8=37 e9=1045 e10=926 e11=626 e12=4 e15=875 e16=1036 e17=514 e18=5364 e22=353 e25=96 e27=32 e38=3094 e39=169 e40=95 e42=2277 e43=166 e44=91 e45=3 e46=1 e47=286 e48=40 e49=7 e52=1
PROBE28 gc=7 N=0 maj=1 ng=1 preMut0=0 staticChain=177359 copiedW=345335 liveW=394759 liveB=397
PROBE29 gc=7 scav fwdHits=43717 t1=18163 t2=10155 t3=2635 t4=28050 t5=171 t6=30 t7=12 t8=37 t9=1067 t10=1124 t11=1869 t12=3 t15=3376 t16=6302 t17=514 t18=8544 t19=1 t22=2578 t25=105 t38=3 t39=73 t40=189 t42=2654 t43=69 t44=189 t45=3 t46=4 t47=307 t48=10 t49=5 t52=1
PROBE29 gc=7 evac e1=18163 e2=10155 e3=2914 e4=28050 e5=171 e6=30 e7=12 e8=37 e9=1067 e10=1124 e11=1869 e12=3 e15=3376 e16=6302 e17=514 e18=8544 e19=1 e22=2738 e25=105 e38=17812 e39=73 e40=189 e42=2654 e43=69 e44=189 e45=3 e46=4 e47=307 e48=10 e49=5 e52=1
PROBE28 gc=8 N=0 maj=1 ng=1 preMut0=0 staticChain=176305 copiedW=431513 liveW=478884 liveB=478
PROBE29 gc=8 scav fwdHits=58100 t1=21302 t2=12750 t3=4727 t4=32139 t5=171 t6=29 t7=12 t8=37 t9=1066 t10=1124 t11=3998 t12=3 t15=6004 t16=10299 t17=514 t18=11248 t19=1 t22=4075 t25=106 t38=3 t39=260 t40=1 t42=2655 t43=257 t44=1 t46=7 t47=312 t49=4 t52=1
PROBE29 gc=8 evac e1=21302 e2=12750 e3=4727 e4=32139 e5=171 e6=29 e7=12 e8=37 e9=1066 e10=1124 e11=3998 e12=3 e15=6004 e16=10299 e17=514 e18=11248 e19=1 e22=4076 e25=106 e38=15793 e39=260 e40=1 e42=2655 e43=257 e44=1 e46=7 e47=312 e49=4 e52=1
PROBE28 gc=9 N=0 maj=1 ng=1 preMut0=0 staticChain=175181 copiedW=493908 liveW=552058 liveB=554
PROBE29 gc=9 scav fwdHits=65098 t1=26780 t2=15107 t3=5375 t4=35266 t5=4657 t6=116 t7=44 t8=102 t9=1170 t10=967 t11=3870 t12=3 t15=5962 t16=10506 t17=514 t18=11642 t22=4206 t25=124 t38=9 t39=51 t40=213 t42=3083 t43=47 t44=210 t45=7 t46=7 t47=309 t48=23 t49=7 t52=1
PROBE29 gc=9 evac e1=26780 e2=15107 e3=5384 e4=35266 e5=4657 e6=116 e7=44 e8=102 e9=1170 e10=967 e11=3870 e12=3 e15=5962 e16=10506 e17=514 e18=11642 e22=4219 e25=124 e27=8 e38=3052 e39=51 e40=213 e42=3083 e43=47 e44=210 e45=7 e46=7 e47=309 e48=23 e49=7 e52=1
PROBE28 gc=10 N=0 maj=1 ng=1 preMut0=0 staticChain=175130 copiedW=569134 liveW=689237 liveB=690
PROBE29 gc=10 scav fwdHits=76465 t1=30304 t2=19169 t3=6182 t4=39543 t5=5838 t6=765 t7=52 t8=431 t9=1584 t10=1005 t11=3885 t12=3 t15=6335 t16=11946 t17=514 t18=13898 t22=5198 t25=126 t39=9 t40=254 t42=4140 t43=5 t44=252 t45=4 t46=14 t47=314 t48=17 t49=6 t52=1
PROBE29 gc=10 evac e1=30304 e2=19169 e3=6463 e4=39543 e5=5838 e6=765 e7=52 e8=431 e9=1584 e10=1005 e11=3885 e12=3 e15=6335 e16=11946 e17=514 e18=13898 e22=5200 e25=126 e38=4128 e39=9 e40=254 e42=4140 e43=5 e44=252 e45=4 e46=14 e47=314 e48=17 e49=6 e52=1
PROBE28 gc=11 N=0 maj=1 ng=1 preMut0=0 staticChain=174972 copiedW=674912 liveW=826826 liveB=824
PROBE29 gc=11 scav fwdHits=91491 t1=34885 t2=24246 t3=6514 t4=46653 t5=7131 t6=1585 t7=68 t8=852 t9=2121 t10=1654 t11=3832 t12=3 t15=6794 t16=14037 t17=514 t18=18251 t19=1 t22=6609 t25=155 t38=2 t39=8 t40=255 t42=5204 t43=4 t44=253 t45=2 t46=18 t47=317 t48=20 t49=6 t52=1
PROBE29 gc=11 evac e1=34885 e2=24246 e3=6871 e4=46653 e5=7131 e6=1585 e7=68 e8=852 e9=2121 e10=1654 e11=3832 e12=3 e15=6794 e16=14037 e17=514 e18=18251 e19=1 e22=6610 e25=155 e38=4365 e39=8 e40=255 e42=5204 e43=4 e44=253 e45=2 e46=18 e47=317 e48=20 e49=6 e52=1
PROBE28 gc=12 N=0 maj=1 ng=1 preMut0=0 staticChain=174952 copiedW=789096 liveW=1018606 liveB=1012
PROBE29 gc=12 scav fwdHits=108288 t1=38993 t2=26591 t3=7455 t4=51096 t5=8984 t6=3832 t7=76 t8=1964 t9=3278 t10=984 t11=3829 t12=3 t15=8238 t16=20075 t17=514 t18=21333 t22=9942 t25=156 t39=64 t40=198 t42=5623 t43=60 t44=197 t46=20 t47=323 t48=11 t49=5 t52=1
PROBE29 gc=12 evac e1=38993 e2=26591 e3=7663 e4=51096 e5=8984 e6=3832 e7=76 e8=1964 e9=3278 e10=984 e11=3829 e12=3 e15=8238 e16=20075 e17=514 e18=21333 e22=10200 e25=156 e38=7485 e39=64 e40=198 e42=5623 e43=60 e44=197 e46=20 e47=323 e48=11 e49=5 e52=1
PROBE28 gc=13 N=0 maj=1 ng=1 preMut0=0 staticChain=174925 copiedW=932139 liveW=1226927 liveB=1216
PROBE29 gc=13 scav fwdHits=130069 t1=45149 t2=30749 t3=8929 t4=57423 t5=11088 t6=5586 t7=84 t8=2846 t9=4219 t10=1045 t11=3832 t12=3 t15=9411 t16=25580 t17=514 t18=26073 t19=1 t22=12722 t25=156 t38=4 t39=12 t40=250 t42=6776 t43=8 t44=250 t45=2 t46=20 t47=325 t48=11 t49=5 t52=1
PROBE29 gc=13 evac e1=45149 e2=30749 e3=9364 e4=57423 e5=11088 e6=5586 e7=84 e8=2846 e9=4219 e10=1045 e11=3832 e12=3 e15=9411 e16=25580 e17=514 e18=26073 e19=1 e22=12980 e25=156 e38=8615 e39=12 e40=250 e42=6776 e43=8 e44=250 e45=2 e46=20 e47=325 e48=11 e49=5 e52=1
PROBE28 gc=14 N=0 maj=1 ng=1 preMut0=0 staticChain=174836 copiedW=1055805 liveW=1485654 liveB=1474
PROBE29 gc=14 scav fwdHits=148953 t1=50152 t2=34676 t3=9854 t4=64372 t5=12946 t6=7649 t7=116 t8=3887 t9=5093 t10=1000 t11=3773 t12=3 t15=10269 t16=29201 t17=514 t18=29931 t22=15843 t25=174 t39=14 t40=251 t42=7706 t43=10 t44=247 t45=8 t46=22 t47=327 t48=32 t49=8 t52=1
PROBE29 gc=14 evac e1=50152 e2=34676 e3=10480 e4=64372 e5=12946 e6=7649 e7=116 e8=3887 e9=5093 e10=1000 e11=3773 e12=3 e15=10269 e16=29201 e17=514 e18=29931 e22=15868 e25=174 e27=1 e38=6553 e39=14 e40=251 e42=7706 e43=10 e44=247 e45=8 e46=22 e47=327 e48=32 e49=8 e52=1
PROBE28 gc=15 N=0 maj=1 ng=1 preMut0=0 staticChain=174587 copiedW=1179179 liveW=1620920 liveB=1605
PROBE29 gc=15 scav fwdHits=162956 t1=53444 t2=38873 t3=10025 t4=72882 t5=13962 t6=8855 t7=140 t8=4494 t9=6020 t10=3134 t11=3793 t12=3 t15=11145 t16=32660 t17=514 t18=38354 t22=17643 t25=272 t38=9 t39=136 t40=130 t42=7870 t43=132 t44=125 t45=5 t46=30 t47=330 t48=31 t49=6 t52=1
PROBE29 gc=15 evac e1=53444 e2=38873 e3=10698 e4=72882 e5=13962 e6=8855 e7=140 e8=4494 e9=6020 e10=3134 e11=3793 e12=3 e15=11145 e16=32660 e17=514 e18=38354 e22=17704 e25=272 e27=1 e38=6164 e39=136 e40=130 e42=7870 e43=132 e44=125 e45=5 e46=30 e47=330 e48=31 e49=6 e52=1
PROBE28 gc=16 N=0 maj=1 ng=1 preMut0=0 staticChain=173972 copiedW=1236363 liveW=1968195 liveB=2199
PROBE29 gc=16 scav fwdHits=168281 t1=55900 t2=41888 t3=10176 t4=76863 t5=14966 t6=9207 t7=156 t8=4674 t9=6418 t10=4059 t11=3836 t12=1 t15=11393 t16=33436 t17=516 t18=41511 t22=18065 t25=397 t39=118 t40=147 t42=8093 t43=112 t44=145 t45=2 t46=35 t47=331 t48=48 t49=6 t52=1
PROBE29 gc=16 evac e1=55900 e2=41888 e3=10688 e4=76863 e5=14966 e6=9207 e7=156 e8=4674 e9=6418 e10=4059 e11=3836 e12=1 e15=11393 e16=33436 e17=516 e18=41511 e22=18107 e25=397 e27=36 e38=5335 e39=118 e40=147 e42=8093 e43=112 e44=145 e45=2 e46=35 e47=331 e48=48 e49=6 e52=1
PROBE28 gc=17 N=0 maj=1 ng=1 preMut0=0 staticChain=173950 copiedW=444446 liveW=477565 liveB=485
PROBE29 gc=17 scav fwdHits=48621 t1=21938 t2=15299 t3=5183 t4=27396 t5=3937 t6=46 t7=12 t8=59 t9=1520 t10=924 t11=663 t15=3024 t16=8944 t17=519 t18=13220 t22=4036 t25=395 t39=256 t40=17 t42=7773 t43=256 t44=1 t46=8 t47=277 t48=60 t49=16
PROBE29 gc=17 evac e1=21938 e2=15299 e3=5233 e4=27396 e5=3937 e6=46 e7=12 e8=59 e9=1520 e10=924 e11=663 e15=3024 e16=8944 e17=519 e18=13220 e22=4039 e25=395 e38=130 e39=256 e40=17 e42=7773 e43=256 e44=1 e46=8 e47=277 e48=60 e49=16
GHC_EXIT=0
