PROBE28 gc=1 N=0 maj=1 ng=1 preMut0=0 staticChain=181426 copiedW=8037 liveW=20355 liveB=27
PROBE29 gc=1 scav fwdHits=91 t1=100 t2=75 t3=3 t4=658 t6=1 t7=12 t8=6 t9=108 t10=14 t11=1198 t15=37 t16=161 t17=61 t18=25 t25=17 t38=3 t40=5 t44=1 t48=22 t49=5 t52=1 t53=1
PROBE29 gc=1 evac e1=100 e2=75 e3=1680 e4=658 e6=1 e7=12 e8=6 e9=108 e10=14 e11=1198 e15=37 e16=161 e17=61 e18=25 e22=6 e25=17 e38=383 e40=5 e44=1 e48=22 e49=5 e52=1 e53=1
PROBE28 gc=2 N=0 maj=1 ng=1 preMut0=0 staticChain=180067 copiedW=78391 liveW=109149 liveB=117
PROBE29 gc=2 scav fwdHits=3645 t1=2443 t2=2052 t3=9 t4=8898 t6=7 t7=12 t8=11 t9=129 t10=73 t11=509 t15=393 t16=153 t17=511 t18=2592 t22=6 t25=40 t39=4 t40=258 t42=353 t43=1 t44=256 t45=1 t47=17 t48=281 t49=6 t52=1
PROBE29 gc=2 evac e1=2443 e2=2052 e3=2012 e4=8898 e6=7 e7=12 e8=11 e9=129 e10=73 e11=509 e15=393 e16=153 e17=511 e18=2592 e22=8 e25=40 e27=2 e38=9078 e39=4 e40=258 e42=353 e43=1 e44=256 e45=1 e47=17 e48=281 e49=6 e52=1
PROBE28 gc=3 N=0 maj=1 ng=1 preMut0=0 staticChain=180037 copiedW=121967 liveW=165013 liveB=171
PROBE29 gc=3 scav fwdHits=9791 t1=4994 t2=3092 t3=9 t4=13235 t6=6 t7=12 t8=99 t9=181 t10=75 t11=567 t15=485 t16=312 t17=511 t18=3897 t22=40 t25=45 t38=36 t39=52 t40=209 t42=982 t43=49 t44=208 t46=1 t47=288 t48=3 t49=5 t52=1
PROBE29 gc=3 evac e1=4994 e2=3092 e3=163 e4=13235 e6=6 e7=12 e8=99 e9=181 e10=75 e11=567 e15=485 e16=312 e17=511 e18=3897 e22=371 e25=45 e38=4658 e39=52 e40=209 e42=982 e43=49 e44=208 e46=1 e47=288 e48=3 e49=5 e52=1
PROBE28 gc=4 N=0 maj=1 ng=1 preMut0=0 staticChain=180035 copiedW=161053 liveW=202046 liveB=207
PROBE29 gc=4 scav fwdHits=14818 t1=7690 t2=4914 t3=9 t4=16749 t6=5 t7=12 t8=39 t9=142 t10=75 t11=527 t15=453 t16=264 t17=511 t18=4599 t22=38 t25=47 t38=13 t39=9 t40=251 t42=1917 t43=6 t44=251 t46=1 t47=286 t49=4 t52=1
PROBE29 gc=4 evac e1=7690 e2=4914 e3=9 e4=16749 e6=5 e7=12 e8=39 e9=142 e10=75 e11=527 e15=453 e16=264 e17=511 e18=4599 e22=897 e25=47 e38=8042 e39=9 e40=251 e42=1917 e43=6 e44=251 e46=1 e47=286 e49=4 e52=1
PROBE28 gc=5 N=0 maj=1 ng=1 preMut0=0 staticChain=180024 copiedW=208623 liveW=254719 liveB=260
PROBE29 gc=5 scav fwdHits=20606 t1=12820 t2=6775 t3=10 t4=20783 t6=6 t7=12 t8=9 t9=124 t10=78 t11=508 t15=441 t16=240 t17=512 t18=4719 t22=37 t25=48 t38=3 t39=106 t40=155 t42=2163 t43=103 t44=154 t46=1 t47=286 t48=6 t49=5 t52=1
PROBE29 gc=5 evac e1=12820 e2=6775 e3=1674 e4=20783 e6=6 e7=12 e8=9 e9=124 e10=78 e11=508 e15=441 e16=240 e17=512 e18=4719 e22=1616 e25=48 e38=2070 e39=106 e40=155 e42=2163 e43=103 e44=154 e46=1 e47=286 e48=6 e49=5 e52=1
PROBE28 gc=6 N=0 maj=1 ng=1 preMut0=0 staticChain=177914 copiedW=253650 liveW=309928 liveB=318
PROBE29 gc=6 scav fwdHits=27015 t1=14828 t2=7954 t3=426 t4=22327 t5=171 t6=29 t7=12 t8=30 t9=1055 t10=1114 t11=834 t12=1 t15=1196 t16=1996 t17=514 t18=6301 t19=1 t22=57 t25=104 t38=9 t39=65 t40=200 t42=2586 t43=62 t44=196 t45=6 t46=1 t47=285 t48=48 t49=8 t52=1
PROBE29 gc=6 evac e1=14828 e2=7954 e3=2219 e4=22327 e5=171 e6=29 e7=12 e8=30 e9=1055 e10=1114 e11=834 e12=1 e15=1196 e16=1996 e17=514 e18=6301 e19=1 e22=363 e25=104 e27=26 e38=5524 e39=65 e40=200 e42=2586 e43=62 e44=196 e45=6 e46=1 e47=285 e48=48 e49=8 e52=1
PROBE28 gc=7 N=0 maj=1 ng=1 preMut0=0 staticChain=177353 copiedW=373106 liveW=420446 liveB=421
PROBE29 gc=7 scav fwdHits=50002 t1=19429 t2=10969 t3=3026 t4=28318 t5=171 t6=25 t7=12 t8=30 t9=1061 t10=1116 t11=2357 t12=1 t15=4342 t16=7145 t17=514 t18=9433 t19=1 t22=4071 t25=105 t38=5 t39=203 t40=58 t42=2647 t43=200 t44=58 t46=7 t47=312 t49=4 t52=1
PROBE29 gc=7 evac e1=19429 e2=10969 e3=3073 e4=28318 e5=171 e6=25 e7=12 e8=30 e9=1061 e10=1116 e11=2357 e12=1 e15=4342 e16=7145 e17=514 e18=9433 e19=1 e22=4133 e25=105 e38=20073 e39=203 e40=58 e42=2647 e43=200 e44=58 e46=7 e47=312 e49=4 e52=1
PROBE28 gc=8 N=0 maj=1 ng=1 preMut0=0 staticChain=175247 copiedW=434794 liveW=482134 liveB=482
PROBE29 gc=8 scav fwdHits=58246 t1=21619 t2=13232 t3=5026 t4=32045 t5=418 t6=25 t7=12 t8=30 t9=1061 t10=938 t11=4066 t12=1 t15=6053 t16=10147 t17=514 t18=11165 t19=1 t22=4071 t25=111 t38=189 t39=190 t40=71 t42=2730 t43=186 t44=72 t46=7 t47=312 t49=4 t52=1
PROBE29 gc=8 evac e1=21619 e2=13232 e3=5030 e4=32045 e5=418 e6=25 e7=12 e8=30 e9=1061 e10=938 e11=4066 e12=1 e15=6053 e16=10147 e17=514 e18=11165 e19=1 e22=4072 e25=111 e38=11646 e39=190 e40=71 e42=2730 e43=186 e44=72 e46=7 e47=312 e49=4 e52=1
PROBE28 gc=9 N=0 maj=1 ng=1 preMut0=0 staticChain=175173 copiedW=503130 liveW=582441 liveB=584
PROBE29 gc=9 scav fwdHits=66627 t1=27470 t2=15591 t3=5514 t4=35537 t5=4902 t6=102 t7=36 t8=84 t9=1164 t10=962 t11=3863 t12=1 t15=5911 t16=10328 t17=514 t18=11940 t19=1 t22=4186 t25=125 t38=3 t39=16 t40=248 t42=3511 t43=12 t44=246 t45=6 t46=7 t47=308 t48=24 t49=7 t52=1
PROBE29 gc=9 evac e1=27470 e2=15591 e3=5655 e4=35537 e5=4902 e6=102 e7=36 e8=84 e9=1164 e10=962 e11=3863 e12=1 e15=5911 e16=10328 e17=514 e18=11940 e19=1 e22=4195 e25=125 e27=6 e38=2666 e39=16 e40=248 e42=3511 e43=12 e44=246 e45=6 e46=7 e47=308 e48=24 e49=7 e52=1
PROBE28 gc=10 N=0 maj=1 ng=1 preMut0=0 staticChain=175129 copiedW=599124 liveW=715767 liveB=714
PROBE29 gc=10 scav fwdHits=81191 t1=30288 t2=20751 t3=5943 t4=42033 t5=5705 t6=1486 t7=52 t8=788 t9=1873 t10=992 t11=3874 t12=1 t15=6877 t16=13654 t17=514 t18=15278 t22=6275 t25=126 t38=2 t39=35 t40=227 t42=4027 t43=31 t44=226 t45=3 t46=13 t47=314 t48=10 t49=5 t52=1
PROBE29 gc=10 evac e1=30288 e2=20751 e3=6120 e4=42033 e5=5705 e6=1486 e7=52 e8=788 e9=1873 e10=992 e11=3874 e12=1 e15=6877 e16=13654 e17=514 e18=15278 e22=6277 e25=126 e38=2960 e39=35 e40=227 e42=4027 e43=31 e44=226 e45=3 e46=13 e47=314 e48=10 e49=5 e52=1
PROBE28 gc=11 N=0 maj=1 ng=1 preMut0=0 staticChain=174978 copiedW=662710 liveW=813217 liveB=810
PROBE29 gc=11 scav fwdHits=89777 t1=34531 t2=24334 t3=6799 t4=45610 t5=7402 t6=1571 t7=60 t8=834 t9=2108 t10=1121 t11=3817 t12=1 t15=6725 t16=13834 t17=514 t18=16846 t19=1 t22=6590 t25=153 t38=2 t39=8 t40=255 t42=5092 t43=4 t44=253 t45=2 t46=16 t47=315 t48=20 t49=6 t52=1
PROBE29 gc=11 evac e1=34531 e2=24334 e3=7127 e4=45610 e5=7402 e6=1571 e7=60 e8=834 e9=2108 e10=1121 e11=3817 e12=1 e15=6725 e16=13834 e17=514 e18=16846 e19=1 e22=6591 e25=153 e38=4764 e39=8 e40=255 e42=5092 e43=4 e44=253 e45=2 e46=16 e47=315 e48=20 e49=6 e52=1
PROBE28 gc=12 N=0 maj=1 ng=1 preMut0=0 staticChain=174958 copiedW=802284 liveW=1031351 liveB=1023
PROBE29 gc=12 scav fwdHits=110261 t1=39907 t2=27325 t3=7833 t4=51318 t5=9346 t6=3818 t7=68 t8=1947 t9=3267 t10=1077 t11=3815 t12=1 t15=8170 t16=19876 t17=514 t18=21649 t19=1 t22=9924 t25=154 t38=3 t39=30 t40=232 t42=5973 t43=26 t44=232 t46=18 t47=321 t48=11 t49=5 t52=1
PROBE29 gc=12 evac e1=39907 e2=27325 e3=8041 e4=51318 e5=9346 e6=3818 e7=68 e8=1947 e9=3267 e10=1077 e11=3815 e12=1 e15=8170 e16=19876 e17=514 e18=21649 e19=1 e22=10181 e25=154 e38=8123 e39=30 e40=232 e42=5973 e43=26 e44=232 e46=18 e47=321 e48=11 e49=5 e52=1
PROBE28 gc=13 N=0 maj=1 ng=1 preMut0=0 staticChain=174867 copiedW=950085 liveW=1293495 liveB=1284
PROBE29 gc=13 scav fwdHits=132777 t1=45626 t2=30664 t3=8812 t4=57760 t5=11263 t6=6042 t7=92 t8=3079 t9=4454 t10=1229 t11=3775 t12=1 t15=9568 t16=26295 t17=514 t18=27077 t19=1 t22=13407 t25=171 t38=3 t39=13 t40=251 t42=6970 t43=9 t44=249 t45=6 t46=18 t47=323 t48=25 t49=7 t52=1
PROBE29 gc=13 evac e1=45626 e2=30664 e3=9513 e4=57760 e5=11263 e6=6042 e7=92 e8=3079 e9=4454 e10=1229 e11=3775 e12=1 e15=9568 e16=26295 e17=514 e18=27077 e19=1 e22=13677 e25=171 e38=8716 e39=13 e40=251 e42=6970 e43=9 e44=249 e45=6 e46=18 e47=323 e48=25 e49=7 e52=1
PROBE28 gc=14 N=0 maj=1 ng=1 preMut0=0 staticChain=174614 copiedW=1062628 liveW=1419983 liveB=1407
PROBE29 gc=14 scav fwdHits=146684 t1=48909 t2=33896 t3=9154 t4=64681 t5=12505 t6=7721 t7=116 t8=3925 t9=5386 t10=2351 t11=3806 t12=1 t15=10452 t16=29951 t17=514 t18=33190 t22=15910 t25=270 t38=17 t39=137 t40=128 t42=7134 t43=133 t44=124 t45=6 t46=24 t47=324 t48=31 t49=6 t52=1
PROBE29 gc=14 evac e1=48909 e2=33896 e3=9775 e4=64681 e5=12505 e6=7721 e7=116 e8=3925 e9=5386 e10=2351 e11=3806 e12=1 e15=10452 e16=29951 e17=514 e18=33190 e22=15961 e25=270 e27=1 e38=5894 e39=137 e40=128 e42=7134 e43=133 e44=124 e45=6 e46=24 e47=324 e48=31 e49=6 e52=1
ghc-real: panic! (the 'impossible' happened)
  (GHC version 9.2.8:
	refineFromInScope
  InScope {wild_00 v_B1 n_aLL shift}
  $dNum_a118
  Call stack:
      CallStack (from HasCallStack):
        callStackDoc, called at compiler/GHC/Utils/Panic.hs:181:37 in ghc:GHC.Utils.Panic
        pprPanic, called at compiler/GHC/Core/Opt/Simplify/Env.hs:706:30 in ghc:GHC.Core.Opt.Simplify.Env

Please report this as a GHC bug:  https://www.haskell.org/ghc/reportabug

PROBE28 gc=15 N=0 maj=1 ng=1 preMut0=0 staticChain=174153 copiedW=424878 liveW=445659 liveB=444
PROBE29 gc=15 scav fwdHits=46777 t1=20938 t2=14347 t3=5179 t4=26397 t5=3947 t6=26 t7=12 t8=37 t9=1329 t10=922 t11=676 t15=3027 t16=8915 t17=516 t18=12288 t22=4018 t25=373 t39=242 t40=18 t42=6834 t43=242 t44=15 t46=8 t47=276 t48=3 t49=4 t52=1
PROBE29 gc=15 evac e1=20938 e2=14347 e3=5370 e4=26397 e5=3947 e6=26 e7=12 e8=37 e9=1329 e10=922 e11=676 e15=3027 e16=8915 e17=516 e18=12288 e22=4018 e25=373 e38=590 e39=242 e40=18 e42=6834 e43=242 e44=15 e46=8 e47=276 e48=3 e49=4 e52=1
GHC_EXIT=1
