PROBE28 gc=1 N=0 maj=1 ng=1 preMut0=0 staticChain=181426 copiedW=8037 liveW=20355 liveB=27
PROBE29 gc=1 scav fwdHits=91 t1=100 t2=75 t3=3 t4=658 t6=1 t7=12 t8=6 t9=108 t10=14 t11=1198 t15=37 t16=161 t17=61 t18=25 t25=17 t38=3 t40=5 t44=1 t48=22 t49=5 t52=1 t53=1
PROBE29 gc=1 evac e1=100 e2=75 e3=1680 e4=658 e6=1 e7=12 e8=6 e9=108 e10=14 e11=1198 e15=37 e16=161 e17=61 e18=25 e22=6 e25=17 e38=383 e40=5 e44=1 e48=22 e49=5 e52=1 e53=1
PROBE28 gc=2 N=0 maj=1 ng=1 preMut0=0 staticChain=180067 copiedW=78391 liveW=109149 liveB=117
PROBE29 gc=2 scav fwdHits=3645 t1=2443 t2=2052 t3=9 t4=8898 t6=7 t7=12 t8=11 t9=129 t10=73 t11=509 t15=393 t16=153 t17=511 t18=2592 t22=6 t25=40 t39=4 t40=258 t42=353 t43=1 t44=256 t45=1 t47=17 t48=281 t49=6 t52=1
PROBE29 gc=2 evac e1=2443 e2=2052 e3=2012 e4=8898 e6=7 e7=12 e8=11 e9=129 e10=73 e11=509 e15=393 e16=153 e17=511 e18=2592 e22=8 e25=40 e27=2 e38=9083 e39=4 e40=258 e42=353 e43=1 e44=256 e45=1 e47=17 e48=281 e49=6 e52=1
PROBE28 gc=3 N=0 maj=1 ng=1 preMut0=0 staticChain=180037 copiedW=121967 liveW=165013 liveB=171
PROBE29 gc=3 scav fwdHits=9791 t1=4994 t2=3092 t3=9 t4=13235 t6=6 t7=12 t8=99 t9=181 t10=75 t11=567 t15=485 t16=312 t17=511 t18=3897 t22=40 t25=45 t38=36 t39=52 t40=209 t42=982 t43=49 t44=208 t46=1 t47=288 t48=3 t49=5 t52=1
PROBE29 gc=3 evac e1=4994 e2=3092 e3=163 e4=13235 e6=6 e7=12 e8=99 e9=181 e10=75 e11=567 e15=485 e16=312 e17=511 e18=3897 e22=371 e25=45 e38=4658 e39=52 e40=209 e42=982 e43=49 e44=208 e46=1 e47=288 e48=3 e49=5 e52=1
PROBE28 gc=4 N=0 maj=1 ng=1 preMut0=0 staticChain=180035 copiedW=161053 liveW=202046 liveB=207
PROBE29 gc=4 scav fwdHits=14818 t1=7690 t2=4914 t3=9 t4=16749 t6=5 t7=12 t8=39 t9=142 t10=75 t11=527 t15=453 t16=264 t17=511 t18=4599 t22=38 t25=47 t38=13 t39=9 t40=251 t42=1917 t43=6 t44=251 t46=1 t47=286 t49=4 t52=1
PROBE29 gc=4 evac e1=7690 e2=4914 e3=9 e4=16749 e6=5 e7=12 e8=39 e9=142 e10=75 e11=527 e15=453 e16=264 e17=511 e18=4599 e22=897 e25=47 e38=8042 e39=9 e40=251 e42=1917 e43=6 e44=251 e46=1 e47=286 e49=4 e52=1
PROBE28 gc=5 N=0 maj=1 ng=1 preMut0=0 staticChain=180024 copiedW=208623 liveW=254719 liveB=260
PROBE29 gc=5 scav fwdHits=20606 t1=12820 t2=6775 t3=10 t4=20783 t6=6 t7=12 t8=9 t9=124 t10=78 t11=508 t15=441 t16=240 t17=512 t18=4719 t22=37 t25=48 t38=3 t39=106 t40=155 t42=2163 t43=103 t44=154 t46=1 t47=286 t48=6 t49=5 t52=1
PROBE29 gc=5 evac e1=12820 e2=6775 e3=1674 e4=20783 e6=6 e7=12 e8=9 e9=124 e10=78 e11=508 e15=441 e16=240 e17=512 e18=4719 e22=1616 e25=48 e38=2070 e39=106 e40=155 e42=2163 e43=103 e44=154 e46=1 e47=286 e48=6 e49=5 e52=1
PROBE28 gc=6 N=0 maj=1 ng=1 preMut0=0 staticChain=177367 copiedW=298158 liveW=355781 liveB=363
PROBE29 gc=6 scav fwdHits=35088 t1=16113 t2=8692 t3=1976 t4=25072 t5=171 t6=23 t7=12 t8=20 t9=1058 t10=1096 t11=1362 t12=1 t15=2340 t16=4943 t17=514 t18=7301 t19=1 t22=1147 t25=102 t38=3 t39=54 t40=211 t42=2635 t43=51 t44=207 t45=6 t46=1 t47=285 t48=48 t49=8 t52=1
PROBE29 gc=6 evac e1=16113 e2=8692 e3=2584 e4=25072 e5=171 e6=23 e7=12 e8=20 e9=1058 e10=1096 e11=1362 e12=1 e15=2340 e16=4943 e17=514 e18=7301 e19=1 e22=1334 e25=102 e27=10 e38=13656 e39=54 e40=211 e42=2635 e43=51 e44=207 e45=6 e46=1 e47=285 e48=48 e49=8 e52=1
PROBE28 gc=7 N=0 maj=1 ng=1 preMut0=0 staticChain=177359 copiedW=391956 liveW=439314 liveB=440
PROBE29 gc=7 scav fwdHits=53075 t1=19896 t2=11512 t3=3827 t4=28766 t5=171 t6=19 t7=12 t8=20 t9=1053 t10=1096 t11=3212 t12=1 t15=5161 t16=8638 t17=514 t18=10123 t19=1 t22=4058 t25=102 t38=3 t39=261 t42=2635 t43=258 t46=7 t47=312 t49=4 t52=1
PROBE29 gc=7 evac e1=19896 e2=11512 e3=3827 e4=28766 e5=171 e6=19 e7=12 e8=20 e9=1053 e10=1096 e11=3212 e12=1 e15=5161 e16=8638 e17=514 e18=10123 e19=1 e22=4058 e25=102 e38=16844 e39=261 e42=2635 e43=258 e46=7 e47=312 e49=4 e52=1
PROBE28 gc=8 N=0 maj=1 ng=1 preMut0=0 staticChain=175192 copiedW=468158 liveW=540137 liveB=541
PROBE29 gc=8 scav fwdHits=61447 t1=25756 t2=13805 t3=4954 t4=32290 t5=4384 t6=30 t7=20 t8=30 t9=1112 t10=921 t11=3843 t12=1 t15=5801 t16=9727 t17=514 t18=11345 t22=4072 t25=121 t39=24 t40=238 t42=3259 t43=20 t44=237 t45=1 t46=7 t47=309 t48=9 t49=5 t52=1
PROBE29 gc=8 evac e1=25756 e2=13805 e3=5092 e4=32290 e5=4384 e6=30 e7=20 e8=30 e9=1112 e10=921 e11=3843 e12=1 e15=5801 e16=9727 e17=514 e18=11345 e22=4078 e25=121 e27=2 e38=6913 e39=24 e40=238 e42=3259 e43=20 e44=237 e45=1 e46=7 e47=309 e48=9 e49=5 e52=1
PROBE28 gc=9 N=0 maj=1 ng=1 preMut0=0 staticChain=175147 copiedW=533999 liveW=647416 liveB=646
PROBE29 gc=9 scav fwdHits=71282 t1=28889 t2=17250 t3=5760 t4=35820 t5=5567 t6=680 t7=28 t8=359 t9=1519 t10=949 t11=3846 t12=1 t15=6170 t16=11138 t17=514 t18=13184 t22=5068 t25=122 t38=1 t39=22 t40=240 t42=3923 t43=18 t44=239 t45=4 t46=8 t47=310 t48=10 t49=5 t52=1
PROBE29 gc=9 evac e1=28889 e2=17250 e3=5907 e4=35820 e5=5567 e6=680 e7=28 e8=359 e9=1519 e10=949 e11=3846 e12=1 e15=6170 e16=11138 e17=514 e18=13184 e22=5070 e25=122 e38=3553 e39=22 e40=240 e42=3923 e43=18 e44=239 e45=4 e46=8 e47=310 e48=10 e49=5 e52=1
PROBE28 gc=10 N=0 maj=1 ng=1 preMut0=0 staticChain=175082 copiedW=624478 liveW=767125 liveB=763
PROBE29 gc=10 scav fwdHits=84241 t1=32614 t2=21864 t3=6151 t4=41727 t5=6637 t6=1416 t7=36 t8=734 t9=2000 t10=1422 t11=3890 t12=1 t15=6626 t16=13109 t17=514 t18=16835 t19=1 t22=6342 t25=147 t38=2 t39=13 t40=249 t42=4766 t43=9 t44=248 t46=12 t47=312 t48=12 t49=5 t52=1
PROBE29 gc=10 evac e1=32614 e2=21864 e3=6340 e4=41727 e5=6637 e6=1416 e7=36 e8=734 e9=2000 e10=1422 e11=3890 e12=1 e15=6626 e16=13109 e17=514 e18=16835 e19=1 e22=6343 e25=147 e38=3551 e39=13 e40=249 e42=4766 e43=9 e44=248 e46=12 e47=312 e48=12 e49=5 e52=1
PROBE28 gc=11 N=0 maj=1 ng=1 preMut0=0 staticChain=174960 copiedW=737695 liveW=882923 liveB=876
PROBE29 gc=11 scav fwdHits=100743 t1=36719 t2=23896 t3=7000 t4=46118 t5=8494 t6=3664 t7=44 t8=1859 t9=3162 t10=989 t11=3813 t12=1 t15=7960 t16=19031 t17=514 t18=20187 t19=1 t22=9678 t25=156 t38=3 t39=96 t40=166 t42=5055 t43=92 t44=166 t45=1 t46=12 t47=315 t48=11 t49=5 t52=1
PROBE29 gc=11 evac e1=36719 e2=23896 e3=7201 e4=46118 e5=8494 e6=3664 e7=44 e8=1859 e9=3162 e10=989 e11=3813 e12=1 e15=7960 e16=19031 e17=514 e18=20187 e19=1 e22=9937 e25=156 e38=7253 e39=96 e40=166 e42=5055 e43=92 e44=166 e45=1 e46=12 e47=315 e48=11 e49=5 e52=1
ghc-real: panic! (the 'impossible' happened)
  (GHC version 9.2.8:
	GHC.StgToCmm.Env: variable not found
  $trModule1_rwv
  local binds for:
  $trModule3_rwD
  Call stack:
      CallStack (from HasCallStack):
        callStackDoc, called at compiler/GHC/Utils/Panic.hs:181:37 in ghc:GHC.Utils.Panic
        pprPanic, called at compiler/GHC/StgToCmm/Env.hs:153:9 in ghc:GHC.StgToCmm.Env

Please report this as a GHC bug:  https://www.haskell.org/ghc/reportabug

PROBE28 gc=12 N=0 maj=1 ng=1 preMut0=0 staticChain=174379 copiedW=370343 liveW=395230 liveB=396
PROBE29 gc=12 scav fwdHits=39965 t1=18554 t2=12346 t3=5029 t4=23929 t5=3874 t6=22 t7=12 t8=30 t9=1314 t10=921 t11=641 t15=2732 t16=7611 t17=519 t18=9994 t22=4020 t25=342 t39=72 t40=190 t42=5072 t43=72 t44=185 t45=1 t46=6 t47=276 t48=13 t49=6 t52=1
PROBE29 gc=12 evac e1=18554 e2=12346 e3=5140 e4=23929 e5=3874 e6=22 e7=12 e8=30 e9=1314 e10=921 e11=641 e15=2732 e16=7611 e17=519 e18=9994 e22=4021 e25=342 e38=946 e39=72 e40=190 e42=5072 e43=72 e44=185 e45=1 e46=6 e47=276 e48=13 e49=6 e52=1
GHC_EXIT=1
