PROBE28 gc=1 N=0 maj=1 ng=1 preMut0=0 staticChain=181426 copiedW=8037 liveW=20355 liveB=27
PROBE29 gc=1 scav fwdHits=91 t1=100 t2=75 t3=3 t4=658 t6=1 t7=12 t8=6 t9=108 t10=14 t11=1198 t15=37 t16=161 t17=61 t18=25 t25=17 t38=3 t40=5 t44=1 t48=22 t49=5 t52=1 t53=1
PROBE29 gc=1 evac e1=100 e2=75 e3=1680 e4=658 e6=1 e7=12 e8=6 e9=108 e10=14 e11=1198 e15=37 e16=161 e17=61 e18=25 e22=6 e25=17 e38=383 e40=5 e44=1 e48=22 e49=5 e52=1 e53=1
PROBE28 gc=2 N=0 maj=1 ng=1 preMut0=0 staticChain=180067 copiedW=78391 liveW=109149 liveB=117
PROBE29 gc=2 scav fwdHits=3645 t1=2443 t2=2052 t3=9 t4=8898 t6=7 t7=12 t8=11 t9=129 t10=73 t11=509 t15=393 t16=153 t17=511 t18=2592 t22=6 t25=40 t39=4 t40=258 t42=353 t43=1 t44=256 t45=1 t47=17 t48=281 t49=6 t52=1
PROBE29 gc=2 evac e1=2443 e2=2052 e3=2012 e4=8898 e6=7 e7=12 e8=11 e9=129 e10=73 e11=509 e15=393 e16=153 e17=511 e18=2592 e22=8 e25=40 e27=2 e38=9078 e39=4 e40=258 e42=353 e43=1 e44=256 e45=1 e47=17 e48=281 e49=6 e52=1
PROBE28 gc=3 N=0 maj=1 ng=1 preMut0=0 staticChain=180037 copiedW=121961 liveW=165007 liveB=171
PROBE29 gc=3 scav fwdHits=9787 t1=4994 t2=3092 t3=9 t4=13235 t6=6 t7=12 t8=99 t9=181 t10=75 t11=567 t15=485 t16=312 t17=511 t18=3897 t22=40 t25=45 t38=33 t39=52 t40=209 t42=982 t43=49 t44=208 t46=1 t47=288 t48=3 t49=5 t52=1
PROBE29 gc=3 evac e1=4994 e2=3092 e3=163 e4=13235 e6=6 e7=12 e8=99 e9=181 e10=75 e11=567 e15=485 e16=312 e17=511 e18=3897 e22=371 e25=45 e38=4659 e39=52 e40=209 e42=982 e43=49 e44=208 e46=1 e47=288 e48=3 e49=5 e52=1
PROBE28 gc=4 N=0 maj=1 ng=1 preMut0=0 staticChain=180035 copiedW=161053 liveW=202046 liveB=207
PROBE29 gc=4 scav fwdHits=14818 t1=7690 t2=4914 t3=9 t4=16749 t6=5 t7=12 t8=39 t9=142 t10=75 t11=527 t15=453 t16=264 t17=511 t18=4599 t22=38 t25=47 t38=13 t39=9 t40=251 t42=1917 t43=6 t44=251 t46=1 t47=286 t49=4 t52=1
PROBE29 gc=4 evac e1=7690 e2=4914 e3=9 e4=16749 e6=5 e7=12 e8=39 e9=142 e10=75 e11=527 e15=453 e16=264 e17=511 e18=4599 e22=897 e25=47 e38=8042 e39=9 e40=251 e42=1917 e43=6 e44=251 e46=1 e47=286 e49=4 e52=1
PROBE28 gc=5 N=0 maj=1 ng=1 preMut0=0 staticChain=180024 copiedW=208623 liveW=254719 liveB=260
PROBE29 gc=5 scav fwdHits=20606 t1=12820 t2=6775 t3=10 t4=20783 t6=6 t7=12 t8=9 t9=124 t10=78 t11=508 t15=441 t16=240 t17=512 t18=4719 t22=37 t25=48 t38=3 t39=106 t40=155 t42=2163 t43=103 t44=154 t46=1 t47=286 t48=6 t49=5 t52=1
PROBE29 gc=5 evac e1=12820 e2=6775 e3=1674 e4=20783 e6=6 e7=12 e8=9 e9=124 e10=78 e11=508 e15=441 e16=240 e17=512 e18=4719 e22=1616 e25=48 e38=2070 e39=106 e40=155 e42=2163 e43=103 e44=154 e46=1 e47=286 e48=6 e49=5 e52=1
PROBE28 gc=6 N=0 maj=1 ng=1 preMut0=0 staticChain=177365 copiedW=281521 liveW=339166 liveB=347
PROBE29 gc=6 scav fwdHits=31192 t1=15350 t2=8217 t3=1653 t4=25075 t5=171 t6=27 t7=12 t8=24 t9=1062 t10=1108 t11=1051 t12=1 t15=1725 t16=4427 t17=514 t18=6751 t19=1 t22=189 t25=103 t38=3 t39=53 t40=212 t42=2642 t43=50 t44=208 t45=6 t46=1 t47=285 t48=48 t49=8 t52=1
PROBE29 gc=6 evac e1=15350 e2=8217 e3=2938 e4=25075 e5=171 e6=27 e7=12 e8=24 e9=1062 e10=1108 e11=1051 e12=1 e15=1725 e16=4427 e17=514 e18=6751 e19=1 e22=464 e25=103 e27=18 e38=10722 e39=53 e40=212 e42=2642 e43=50 e44=208 e45=6 e46=1 e47=285 e48=48 e49=8 e52=1
PROBE28 gc=7 N=0 maj=1 ng=1 preMut0=0 staticChain=177357 copiedW=383723 liveW=431103 liveB=431
PROBE29 gc=7 scav fwdHits=51700 t1=19699 t2=11282 t3=3427 t4=28615 t5=171 t6=23 t7=12 t8=24 t9=1057 t10=1108 t11=2824 t12=1 t15=4790 t16=7969 t17=514 t18=9819 t19=1 t22=4065 t25=103 t38=5 t39=261 t42=2642 t43=258 t46=7 t47=312 t49=4 t52=1
PROBE29 gc=7 evac e1=19699 e2=11282 e3=3427 e4=28615 e5=171 e6=23 e7=12 e8=24 e9=1057 e10=1108 e11=2824 e12=1 e15=4790 e16=7969 e17=514 e18=9819 e19=1 e22=4066 e25=103 e38=17593 e39=261 e42=2642 e43=258 e46=7 e47=312 e49=4 e52=1
PROBE28 gc=8 N=0 maj=1 ng=1 preMut0=0 staticChain=175243 copiedW=451149 liveW=498529 liveB=498
PROBE29 gc=8 scav fwdHits=59529 t1=24336 t2=13235 t3=4954 t4=31684 t5=3225 t6=35 t7=12 t8=28 t9=1067 t10=928 t11=3850 t12=1 t15=5814 t16=9652 t17=514 t18=10985 t22=4064 t25=109 t38=2 t39=116 t40=145 t42=2850 t43=112 t44=145 t45=1 t46=7 t47=312 t49=4 t52=1
PROBE29 gc=8 evac e1=24336 e2=13235 e3=4954 e4=31684 e5=3225 e6=35 e7=12 e8=28 e9=1067 e10=928 e11=3850 e12=1 e15=5814 e16=9652 e17=514 e18=10985 e22=4065 e25=109 e38=8861 e39=116 e40=145 e42=2850 e43=112 e44=145 e45=1 e46=7 e47=312 e49=4 e52=1
PROBE28 gc=9 N=0 maj=1 ng=1 preMut0=0 staticChain=175148 copiedW=534336 liveW=653819 liveB=655
PROBE29 gc=9 scav fwdHits=70986 t1=28490 t2=16251 t3=5418 t4=36943 t5=5233 t6=686 t7=36 t8=371 t9=1536 t10=967 t11=3859 t12=1 t15=6217 t16=11479 t17=514 t18=13385 t22=5097 t25=124 t39=8 t40=256 t42=3987 t43=4 t44=253 t45=4 t46=8 t47=308 t48=24 t49=7 t52=1
PROBE29 gc=9 evac e1=28490 e2=16251 e3=5700 e4=36943 e5=5233 e6=686 e7=36 e8=371 e9=1536 e10=967 e11=3859 e12=1 e15=6217 e16=11479 e17=514 e18=13385 e22=5105 e25=124 e27=4 e38=3781 e39=8 e40=256 e42=3987 e43=4 e44=253 e45=4 e46=8 e47=308 e48=24 e49=7 e52=1
PROBE28 gc=10 N=0 maj=1 ng=1 preMut0=0 staticChain=175073 copiedW=633530 liveW=778137 liveB=774
PROBE29 gc=10 scav fwdHits=85729 t1=32708 t2=21736 t3=5848 t4=42807 t5=6348 t6=1432 t7=44 t8=750 t9=2016 t10=1811 t11=3902 t12=1 t15=6675 t16=13447 t17=514 t18=17765 t19=1 t22=6367 t25=149 t38=2 t39=13 t40=249 t42=4835 t43=9 t44=248 t45=2 t46=12 t47=314 t48=12 t49=5 t52=1
PROBE29 gc=10 evac e1=32708 e2=21736 e3=6038 e4=42807 e5=6348 e6=1432 e7=44 e8=750 e9=2016 e10=1811 e11=3902 e12=1 e15=6675 e16=13447 e17=514 e18=17765 e19=1 e22=6368 e25=149 e38=3704 e39=13 e40=249 e42=4835 e43=9 e44=248 e45=2 e46=12 e47=314 e48=12 e49=5 e52=1
PROBE28 gc=11 N=0 maj=1 ng=1 preMut0=0 staticChain=175052 copiedW=744355 liveW=886909 liveB=881
PROBE29 gc=11 scav fwdHits=104508 t1=35390 t2=24051 t3=6943 t4=48550 t5=7187 t6=3679 t7=52 t8=1872 t9=2919 t10=971 t11=3911 t12=1 t15=8676 t16=20461 t17=514 t18=20528 t22=9700 t25=150 t38=2 t39=244 t40=17 t42=4898 t43=240 t44=17 t46=14 t47=321 t49=4 t52=1
PROBE29 gc=11 evac e1=35390 e2=24051 e3=7004 e4=48550 e5=7187 e6=3679 e7=52 e8=1872 e9=2919 e10=971 e11=3911 e12=1 e15=8676 e16=20461 e17=514 e18=20528 e22=9957 e25=150 e38=4565 e39=244 e40=17 e42=4898 e43=240 e44=17 e46=14 e47=321 e49=4 e52=1
PROBE28 gc=12 N=0 maj=1 ng=1 preMut0=0 staticChain=175024 copiedW=881829 liveW=1138095 liveB=1130
PROBE29 gc=12 scav fwdHits=122478 t1=42076 t2=27417 t3=8038 t4=52835 t5=10204 t6=5682 t7=68 t8=2884 t9=4249 t10=979 t11=3913 t12=1 t15=9428 t16=25525 t17=514 t18=25023 t22=12855 t25=158 t39=17 t40=247 t42=5919 t43=13 t44=244 t45=4 t46=14 t47=317 t48=25 t49=7 t52=1
PROBE29 gc=12 evac e1=42076 e2=27417 e3=8738 e4=52835 e5=10204 e6=5682 e7=68 e8=2884 e9=4249 e10=979 e11=3913 e12=1 e15=9428 e16=25525 e17=514 e18=25023 e22=13116 e25=158 e38=10766 e39=17 e40=247 e42=5919 e43=13 e44=244 e45=4 e46=14 e47=317 e48=25 e49=7 e52=1
PROBE28 gc=13 N=0 maj=1 ng=1 preMut0=0 staticChain=174716 copiedW=994056 liveW=1334147 liveB=1322
PROBE29 gc=13 scav fwdHits=138995 t1=46984 t2=31126 t3=8917 t4=58907 t5=12141 t6=7211 t7=92 t8=3665 t9=5082 t10=1005 t11=3754 t12=1 t15=10128 t16=28691 t17=514 t18=28718 t22=15240 t25=230 t38=1 t39=9 t40=255 t42=6939 t43=5 t44=252 t45=6 t46=18 t47=318 t48=28 t49=6 t52=1
PROBE29 gc=13 evac e1=46984 e2=31126 e3=9311 e4=58907 e5=12141 e6=7211 e7=92 e8=3665 e9=5082 e10=1005 e11=3754 e12=1 e15=10128 e16=28691 e17=514 e18=28718 e22=15251 e25=230 e27=1 e38=6618 e39=9 e40=255 e42=6939 e43=5 e44=252 e45=6 e46=18 e47=318 e48=28 e49=6 e52=1
PROBE28 gc=14 N=0 maj=1 ng=1 preMut0=0 staticChain=174497 copiedW=1094540 liveW=1443616 liveB=1428
PROBE29 gc=14 scav fwdHits=148368 t1=49522 t2=36528 t3=9160 t4=68093 t5=12352 t6=7468 t7=100 t8=3782 t9=5263 t10=4019 t11=3791 t12=1 t15=10391 t16=29711 t17=514 t18=37258 t22=15466 t25=278 t39=163 t40=101 t42=7069 t43=159 t44=98 t45=2 t46=24 t47=325 t48=59 t49=5 t52=1
PROBE29 gc=14 evac e1=49522 e2=36528 e3=9811 e4=68093 e5=12352 e6=7468 e7=100 e8=3782 e9=5263 e10=4019 e11=3791 e12=1 e15=10391 e16=29711 e17=514 e18=37258 e22=15533 e25=278 e27=3 e38=4600 e39=163 e40=101 e42=7069 e43=159 e44=98 e45=2 e46=24 e47=325 e48=59 e49=5 e52=1
ghc-real: panic! (the 'impossible' happened)
  (GHC version 9.2.8:
	depSortStgBinds
  Found cyclic SCC:
  [($trModule2_r10F :: TrName
    [GblId, Unf=OtherCon []] =
        CCS_DONT_CARE TrNameS! [$trModule1_r10v];,
    {$trModule1_r10v}),
   ($trModule1_r10v :: Addr#
    [GblId, Unf=OtherCon []] =
        "main"#;,
    {})]
  Call stack:
      CallStack (from HasCallStack):
        callStackDoc, called at compiler/GHC/Utils/Panic.hs:181:37 in ghc:GHC.Utils.Panic
        pprPanic, called at compiler/GHC/Stg/DepAnal.hs:144:7 in ghc:GHC.Stg.DepAnal

Please report this as a GHC bug:  https://www.haskell.org/ghc/reportabug

PROBE28 gc=15 N=0 maj=1 ng=1 preMut0=0 staticChain=174030 copiedW=428156 liveW=453043 liveB=453
PROBE29 gc=15 scav fwdHits=47011 t1=21080 t2=14492 t3=5182 t4=26531 t5=3938 t6=27 t7=12 t8=38 t9=1368 t10=929 t11=677 t15=3028 t16=8912 t17=519 t18=12441 t22=4020 t25=428 t39=102 t40=160 t42=6988 t43=102 t44=155 t46=8 t47=276 t48=13 t49=6 t52=1
PROBE29 gc=15 evac e1=21080 e2=14492 e3=5295 e4=26531 e5=3938 e6=27 e7=12 e8=38 e9=1368 e10=929 e11=677 e15=3028 e16=8912 e17=519 e18=12441 e22=4021 e25=428 e38=693 e39=102 e40=160 e42=6988 e43=102 e44=155 e46=8 e47=276 e48=13 e49=6 e52=1
GHC_EXIT=1
