PROBE28 gc=1 N=0 maj=1 ng=1 preMut0=0 staticChain=181426 copiedW=8037 liveW=20355 liveB=27
PROBE29 gc=1 scav fwdHits=91 t1=100 t2=75 t3=3 t4=658 t6=1 t7=12 t8=6 t9=108 t10=14 t11=1198 t15=37 t16=161 t17=61 t18=25 t25=17 t38=3 t40=5 t44=1 t48=22 t49=5 t52=1 t53=1
PROBE29 gc=1 evac e1=100 e2=75 e3=1680 e4=658 e6=1 e7=12 e8=6 e9=108 e10=14 e11=1198 e15=37 e16=161 e17=61 e18=25 e22=6 e25=17 e38=383 e40=5 e44=1 e48=22 e49=5 e52=1 e53=1
PROBE28 gc=2 N=0 maj=1 ng=1 preMut0=0 staticChain=180067 copiedW=78391 liveW=109149 liveB=117
PROBE29 gc=2 scav fwdHits=3645 t1=2443 t2=2052 t3=9 t4=8898 t6=7 t7=12 t8=11 t9=129 t10=73 t11=509 t15=393 t16=153 t17=511 t18=2592 t22=6 t25=40 t39=4 t40=258 t42=353 t43=1 t44=256 t45=1 t47=17 t48=281 t49=6 t52=1
PROBE29 gc=2 evac e1=2443 e2=2052 e3=2012 e4=8898 e6=7 e7=12 e8=11 e9=129 e10=73 e11=509 e15=393 e16=153 e17=511 e18=2592 e22=8 e25=40 e27=2 e38=9078 e39=4 e40=258 e42=353 e43=1 e44=256 e45=1 e47=17 e48=281 e49=6 e52=1
PROBE28 gc=3 N=0 maj=1 ng=1 preMut0=0 staticChain=180037 copiedW=121967 liveW=165013 liveB=171
PROBE29 gc=3 scav fwdHits=9791 t1=4994 t2=3092 t3=9 t4=13235 t6=6 t7=12 t8=99 t9=181 t10=75 t11=567 t15=485 t16=312 t17=511 t18=3897 t22=40 t25=45 t38=36 t39=52 t40=209 t42=982 t43=49 t44=208 t46=1 t47=288 t48=3 t49=5 t52=1
PROBE29 gc=3 evac e1=4994 e2=3092 e3=163 e4=13235 e6=6 e7=12 e8=99 e9=181 e10=75 e11=567 e15=485 e16=312 e17=511 e18=3897 e22=371 e25=45 e38=4658 e39=52 e40=209 e42=982 e43=49 e44=208 e46=1 e47=288 e48=3 e49=5 e52=1
PROBE28 gc=4 N=0 maj=1 ng=1 preMut0=0 staticChain=180035 copiedW=161053 liveW=202046 liveB=207
PROBE29 gc=4 scav fwdHits=14818 t1=7690 t2=4914 t3=9 t4=16749 t6=5 t7=12 t8=39 t9=142 t10=75 t11=527 t15=453 t16=264 t17=511 t18=4599 t22=38 t25=47 t38=13 t39=9 t40=251 t42=1917 t43=6 t44=251 t46=1 t47=286 t49=4 t52=1
PROBE29 gc=4 evac e1=7690 e2=4914 e3=9 e4=16749 e6=5 e7=12 e8=39 e9=142 e10=75 e11=527 e15=453 e16=264 e17=511 e18=4599 e22=897 e25=47 e38=8042 e39=9 e40=251 e42=1917 e43=6 e44=251 e46=1 e47=286 e49=4 e52=1
PROBE28 gc=5 N=0 maj=1 ng=1 preMut0=0 staticChain=180024 copiedW=208623 liveW=254719 liveB=260
PROBE29 gc=5 scav fwdHits=20606 t1=12820 t2=6775 t3=10 t4=20783 t6=6 t7=12 t8=9 t9=124 t10=78 t11=508 t15=441 t16=240 t17=512 t18=4719 t22=37 t25=48 t38=3 t39=106 t40=155 t42=2163 t43=103 t44=154 t46=1 t47=286 t48=6 t49=5 t52=1
PROBE29 gc=5 evac e1=12820 e2=6775 e3=1674 e4=20783 e6=6 e7=12 e8=9 e9=124 e10=78 e11=508 e15=441 e16=240 e17=512 e18=4719 e22=1616 e25=48 e38=2070 e39=106 e40=155 e42=2163 e43=103 e44=154 e46=1 e47=286 e48=6 e49=5 e52=1
PROBE28 gc=6 N=0 maj=1 ng=1 preMut0=0 staticChain=179166 copiedW=232023 liveW=282225 liveB=289
PROBE29 gc=6 scav fwdHits=23831 t1=13858 t2=7564 t3=305 t4=21717 t5=94 t6=32 t7=12 t8=17 t9=921 t10=860 t11=528 t12=3 t15=780 t16=914 t17=514 t18=5040 t19=18 t22=60 t25=77 t38=2 t39=164 t40=100 t42=2282 t43=161 t44=96 t45=3 t46=1 t47=286 t48=19 t49=7 t52=1
PROBE29 gc=6 evac e1=13858 e2=7564 e3=2282 e4=21717 e5=94 e6=32 e7=12 e8=17 e9=921 e10=860 e11=528 e12=3 e15=780 e16=914 e17=514 e18=5040 e19=18 e22=486 e25=77 e27=31 e38=2259 e39=164 e40=100 e42=2282 e43=161 e44=96 e45=3 e46=1 e47=286 e48=19 e49=7 e52=1
PROBE28 gc=7 N=0 maj=1 ng=1 preMut0=0 staticChain=177356 copiedW=334232 liveW=383651 liveB=387
PROBE29 gc=7 scav fwdHits=41105 t1=17645 t2=9847 t3=2496 t4=28078 t5=171 t6=30 t7=12 t8=40 t9=1069 t10=1129 t11=1653 t12=3 t15=2953 t16=5985 t17=514 t18=8166 t19=1 t22=1916 t25=105 t38=3 t39=73 t40=189 t42=2657 t43=69 t44=189 t45=3 t46=4 t47=287 t48=30 t49=5 t52=1
PROBE29 gc=7 evac e1=17645 e2=9847 e3=3171 e4=28078 e5=171 e6=30 e7=12 e8=40 e9=1069 e10=1129 e11=1653 e12=3 e15=2953 e16=5985 e17=514 e18=8166 e19=1 e22=2113 e25=105 e27=9 e38=16558 e39=73 e40=189 e42=2657 e43=69 e44=189 e45=3 e46=4 e47=287 e48=30 e49=5 e52=1
PROBE28 gc=8 N=0 maj=1 ng=1 preMut0=0 staticChain=177253 copiedW=426720 liveW=474086 liveB=474
PROBE29 gc=8 scav fwdHits=57862 t1=21151 t2=12632 t3=4559 t4=32204 t5=171 t6=29 t7=12 t8=40 t9=1068 t10=1129 t11=3714 t12=3 t15=5736 t16=10089 t17=514 t18=10951 t19=1 t22=4080 t25=104 t38=3 t39=261 t42=2657 t43=258 t46=7 t47=312 t49=4 t52=1
PROBE29 gc=8 evac e1=21151 e2=12632 e3=4559 e4=32204 e5=171 e6=29 e7=12 e8=40 e9=1068 e10=1129 e11=3714 e12=3 e15=5736 e16=10089 e17=514 e18=10951 e19=1 e22=4080 e25=104 e38=17276 e39=261 e42=2657 e43=258 e46=7 e47=312 e49=4 e52=1
PROBE28 gc=9 N=0 maj=1 ng=1 preMut0=0 staticChain=175207 copiedW=489150 liveW=543936 liveB=545
PROBE29 gc=9 scav fwdHits=64402 t1=26727 t2=14970 t3=5429 t4=34780 t5=4590 t6=65 t7=28 t8=71 t9=1124 t10=948 t11=3886 t12=3 t15=5932 t16=10161 t17=514 t18=11488 t22=4116 t25=119 t39=56 t40=207 t42=3040 t43=52 t44=205 t45=5 t46=7 t47=310 t48=18 t49=6 t52=1
PROBE29 gc=9 evac e1=26727 e2=14970 e3=5436 e4=34780 e5=4590 e6=65 e7=28 e8=71 e9=1124 e10=948 e11=3886 e12=3 e15=5932 e16=10161 e17=514 e18=11488 e22=4117 e25=119 e38=3593 e39=56 e40=207 e42=3040 e43=52 e44=205 e45=5 e46=7 e47=310 e48=18 e49=6 e52=1
PROBE28 gc=10 N=0 maj=1 ng=1 preMut0=0 staticChain=175127 copiedW=570302 liveW=692453 liveB=693
PROBE29 gc=10 scav fwdHits=76393 t1=30377 t2=18159 t3=6193 t4=39948 t5=5765 t6=754 t7=52 t8=430 t9=1586 t10=1084 t11=3891 t12=3 t15=6356 t16=12072 t17=514 t18=14105 t19=1 t22=5206 t25=126 t38=4 t39=9 t40=255 t42=4142 t43=5 t44=253 t45=5 t46=12 t47=312 t48=24 t49=7 t52=1
PROBE29 gc=10 evac e1=30377 e2=18159 e3=6476 e4=39948 e5=5765 e6=754 e7=52 e8=430 e9=1586 e10=1084 e11=3891 e12=3 e15=6356 e16=12072 e17=514 e18=14105 e19=1 e22=5217 e25=126 e27=8 e38=4413 e39=9 e40=255 e42=4142 e43=5 e44=253 e45=5 e46=12 e47=312 e48=24 e49=7 e52=1
PROBE28 gc=11 N=0 maj=1 ng=1 preMut0=0 staticChain=174969 copiedW=677762 liveW=829671 liveB=827
PROBE29 gc=11 scav fwdHits=91881 t1=34920 t2=24144 t3=6477 t4=47017 t5=7013 t6=1585 t7=68 t8=855 t9=2121 t10=1778 t11=3837 t12=3 t15=6815 t16=14164 t17=514 t18=18549 t19=1 t22=6614 t25=155 t38=2 t39=8 t40=255 t42=5206 t43=4 t44=253 t45=3 t46=17 t47=317 t48=20 t49=6 t52=1
PROBE29 gc=11 evac e1=34920 e2=24144 e3=6834 e4=47017 e5=7013 e6=1585 e7=68 e8=855 e9=2121 e10=1778 e11=3837 e12=3 e15=6815 e16=14164 e17=514 e18=18549 e19=1 e22=6615 e25=155 e38=4290 e39=8 e40=255 e42=5206 e43=4 e44=253 e45=3 e46=17 e47=317 e48=20 e49=6 e52=1
PROBE28 gc=12 N=0 maj=1 ng=1 preMut0=0 staticChain=174949 copiedW=799438 liveW=947241 liveB=940
PROBE29 gc=12 scav fwdHits=110936 t1=38058 t2=26385 t3=7537 t4=53247 t5=8285 t6=3831 t7=76 t8=1973 t9=3265 t10=987 t11=3841 t12=3 t15=8856 t16=21508 t17=514 t18=22459 t22=9944 t25=156 t38=2 t39=240 t40=21 t42=5273 t43=236 t44=21 t46=20 t47=325 t48=2 t49=4 t52=1
PROBE29 gc=12 evac e1=38058 e2=26385 e3=7602 e4=53247 e5=8285 e6=3831 e7=76 e8=1973 e9=3265 e10=987 e11=3841 e12=3 e15=8856 e16=21508 e17=514 e18=22459 e22=10203 e25=156 e38=7300 e39=240 e40=21 e42=5273 e43=236 e44=21 e46=20 e47=325 e48=2 e49=4 e52=1
PROBE28 gc=13 N=0 maj=1 ng=1 preMut0=0 staticChain=174928 copiedW=935181 liveW=1232017 liveB=1222
PROBE29 gc=13 scav fwdHits=130469 t1=45194 t2=30659 t3=8900 t4=57795 t5=10975 t6=5587 t7=84 t8=2849 t9=4220 t10=1168 t11=3841 t12=3 t15=9435 t16=25716 t17=514 t18=26369 t19=1 t22=12727 t25=156 t38=5 t39=6 t40=257 t42=6774 t43=2 t44=256 t45=2 t46=20 t47=323 t48=18 t49=6 t52=1
PROBE29 gc=13 evac e1=45194 e2=30659 e3=9475 e4=57795 e5=10975 e6=5587 e7=84 e8=2849 e9=4220 e10=1168 e11=3841 e12=3 e15=9435 e16=25716 e17=514 e18=26369 e19=1 e22=12985 e25=156 e38=9700 e39=6 e40=257 e42=6774 e43=2 e44=256 e45=2 e46=20 e47=323 e48=18 e49=6 e52=1
PROBE28 gc=14 N=0 maj=1 ng=1 preMut0=0 staticChain=174829 copiedW=1051120 liveW=1480964 liveB=1470
PROBE29 gc=14 scav fwdHits=148141 t1=50031 t2=34502 t3=9818 t4=64638 t5=12832 t6=7177 t7=116 t8=3653 t9=5106 t10=1143 t11=3774 t12=3 t15=10291 t16=29084 t17=514 t18=30037 t19=1 t22=15164 t25=175 t38=5 t39=14 t40=251 t42=7708 t43=10 t44=248 t45=7 t46=22 t47=327 t48=32 t49=8 t52=1
PROBE29 gc=14 evac e1=50031 e2=34502 e3=10440 e4=64638 e5=12832 e6=7177 e7=116 e8=3653 e9=5106 e10=1143 e11=3774 e12=3 e15=10291 e16=29084 e17=514 e18=30037 e19=1 e22=15191 e25=175 e27=1 e38=6714 e39=14 e40=251 e42=7708 e43=10 e44=248 e45=7 e46=22 e47=327 e48=32 e49=8 e52=1
PROBE28 gc=15 N=0 maj=1 ng=1 preMut0=0 staticChain=174582 copiedW=1175972 liveW=1617708 liveB=1602
PROBE29 gc=15 scav fwdHits=162901 t1=53476 t2=38399 t3=10095 t4=72720 t5=13968 t6=8855 t7=140 t8=4496 t9=6034 t10=2910 t11=3796 t12=3 t15=11166 t16=32743 t17=514 t18=37707 t22=17655 t25=271 t38=16 t39=136 t40=130 t42=7873 t43=132 t44=125 t45=6 t46=29 t47=330 t48=31 t49=6 t52=1
PROBE29 gc=15 evac e1=53476 e2=38399 e3=10758 e4=72720 e5=13968 e6=8855 e7=140 e8=4496 e9=6034 e10=2910 e11=3796 e12=3 e15=11166 e16=32743 e17=514 e18=37707 e22=17714 e25=271 e27=1 e38=6192 e39=136 e40=130 e42=7873 e43=132 e44=125 e45=6 e46=29 e47=330 e48=31 e49=6 e52=1
PROBE28 gc=16 N=0 maj=1 ng=1 preMut0=0 staticChain=174489 copiedW=1288631 liveW=1742714 liveB=1724
PROBE29 gc=16 scav fwdHits=177702 t1=57412 t2=42471 t3=10821 t4=79422 t5=14977 t6=9900 t7=148 t8=5011 t9=6574 t10=4033 t11=3759 t12=3 t15=12036 t16=36386 t17=514 t18=43197 t22=19150 t25=300 t38=3 t39=98 t40=167 t42=8336 t43=92 t44=165 t45=2 t46=35 t47=338 t48=51 t49=5 t52=1
PROBE29 gc=16 evac e1=57412 e2=42471 e3=11170 e4=79422 e5=14977 e6=9900 e7=148 e8=5011 e9=6574 e10=4033 e11=3759 e12=3 e15=12036 e16=36386 e17=514 e18=43197 e22=19456 e25=300 e27=12 e38=6947 e39=98 e40=167 e42=8336 e43=92 e44=165 e45=2 e46=35 e47=338 e48=51 e49=5 e52=1
PROBE28 gc=17 N=0 maj=1 ng=1 preMut0=0 staticChain=174010 copiedW=1303640 liveW=2049867 liveB=2280
PROBE29 gc=17 scav fwdHits=178372 t1=58379 t2=43285 t3=10706 t4=79021 t5=15855 t6=10255 t7=164 t8=5201 t9=6930 t10=4050 t11=3821 t15=12061 t16=36535 t17=516 t18=43768 t22=19637 t25=408 t39=122 t40=143 t42=8549 t43=116 t44=141 t45=2 t46=37 t47=334 t48=25 t49=6 t52=1
PROBE29 gc=17 evac e1=58379 e2=43285 e3=10995 e4=79021 e5=15855 e6=10255 e7=164 e8=5201 e9=6930 e10=4050 e11=3821 e15=12061 e16=36535 e17=516 e18=43768 e22=19656 e25=408 e27=30 e38=3425 e39=122 e40=143 e42=8549 e43=116 e44=141 e45=2 e46=37 e47=334 e48=25 e49=6 e52=1
PROBE28 gc=18 N=0 maj=1 ng=1 preMut0=0 staticChain=173988 copiedW=468848 liveW=501967 liveB=509
PROBE29 gc=18 scav fwdHits=52128 t1=22901 t2=16107 t3=5413 t4=28059 t5=3937 t6=48 t7=12 t8=58 t9=1527 t10=923 t11=658 t15=3224 t16=10179 t17=519 t18=14023 t22=4036 t25=407 t39=256 t40=17 t42=8228 t43=256 t44=1 t46=8 t47=277 t48=60 t49=16
PROBE29 gc=18 evac e1=22901 e2=16107 e3=5463 e4=28059 e5=3937 e6=48 e7=12 e8=58 e9=1527 e10=923 e11=658 e15=3224 e16=10179 e17=519 e18=14023 e22=4039 e25=407 e38=130 e39=256 e40=17 e42=8228 e43=256 e44=1 e46=8 e47=277 e48=60 e49=16
GHC_EXIT=0
