PROBE28 gc=1 N=0 maj=1 ng=1 preMut0=0 staticChain=181426 copiedW=8037 liveW=20355 liveB=27
PROBE29 gc=1 scav fwdHits=91 t1=100 t2=75 t3=3 t4=658 t6=1 t7=12 t8=6 t9=108 t10=14 t11=1198 t15=37 t16=161 t17=61 t18=25 t25=17 t38=3 t40=5 t44=1 t48=22 t49=5 t52=1 t53=1
PROBE29 gc=1 evac e1=100 e2=75 e3=1680 e4=658 e6=1 e7=12 e8=6 e9=108 e10=14 e11=1198 e15=37 e16=161 e17=61 e18=25 e22=6 e25=17 e38=383 e40=5 e44=1 e48=22 e49=5 e52=1 e53=1
PROBE28 gc=2 N=0 maj=1 ng=1 preMut0=0 staticChain=180067 copiedW=78391 liveW=109149 liveB=117
PROBE29 gc=2 scav fwdHits=3645 t1=2443 t2=2052 t3=9 t4=8898 t6=7 t7=12 t8=11 t9=129 t10=73 t11=509 t15=393 t16=153 t17=511 t18=2592 t22=6 t25=40 t39=4 t40=258 t42=353 t43=1 t44=256 t45=1 t47=17 t48=281 t49=6 t52=1
PROBE29 gc=2 evac e1=2443 e2=2052 e3=2012 e4=8898 e6=7 e7=12 e8=11 e9=129 e10=73 e11=509 e15=393 e16=153 e17=511 e18=2592 e22=8 e25=40 e27=2 e38=9078 e39=4 e40=258 e42=353 e43=1 e44=256 e45=1 e47=17 e48=281 e49=6 e52=1
PROBE28 gc=3 N=0 maj=1 ng=1 preMut0=0 staticChain=180037 copiedW=121961 liveW=165007 liveB=171
PROBE29 gc=3 scav fwdHits=9787 t1=4994 t2=3092 t3=9 t4=13235 t6=6 t7=12 t8=99 t9=181 t10=75 t11=567 t15=485 t16=312 t17=511 t18=3897 t22=40 t25=45 t38=33 t39=52 t40=209 t42=982 t43=49 t44=208 t46=1 t47=288 t48=3 t49=5 t52=1
PROBE29 gc=3 evac e1=4994 e2=3092 e3=163 e4=13235 e6=6 e7=12 e8=99 e9=181 e10=75 e11=567 e15=485 e16=312 e17=511 e18=3897 e22=371 e25=45 e38=4659 e39=52 e40=209 e42=982 e43=49 e44=208 e46=1 e47=288 e48=3 e49=5 e52=1
PROBE28 gc=4 N=0 maj=1 ng=1 preMut0=0 staticChain=180035 copiedW=161053 liveW=202046 liveB=207
PROBE29 gc=4 scav fwdHits=14818 t1=7690 t2=4914 t3=9 t4=16749 t6=5 t7=12 t8=39 t9=142 t10=75 t11=527 t15=453 t16=264 t17=511 t18=4599 t22=38 t25=47 t38=13 t39=9 t40=251 t42=1917 t43=6 t44=251 t46=1 t47=286 t49=4 t52=1
PROBE29 gc=4 evac e1=7690 e2=4914 e3=9 e4=16749 e6=5 e7=12 e8=39 e9=142 e10=75 e11=527 e15=453 e16=264 e17=511 e18=4599 e22=897 e25=47 e38=8042 e39=9 e40=251 e42=1917 e43=6 e44=251 e46=1 e47=286 e49=4 e52=1
PROBE28 gc=5 N=0 maj=1 ng=1 preMut0=0 staticChain=180024 copiedW=208623 liveW=254719 liveB=260
PROBE29 gc=5 scav fwdHits=20606 t1=12820 t2=6775 t3=10 t4=20783 t6=6 t7=12 t8=9 t9=124 t10=78 t11=508 t15=441 t16=240 t17=512 t18=4719 t22=37 t25=48 t38=3 t39=106 t40=155 t42=2163 t43=103 t44=154 t46=1 t47=286 t48=6 t49=5 t52=1
PROBE29 gc=5 evac e1=12820 e2=6775 e3=1674 e4=20783 e6=6 e7=12 e8=9 e9=124 e10=78 e11=508 e15=441 e16=240 e17=512 e18=4719 e22=1616 e25=48 e38=2070 e39=106 e40=155 e42=2163 e43=103 e44=154 e46=1 e47=286 e48=6 e49=5 e52=1
PROBE28 gc=6 N=0 maj=1 ng=1 preMut0=0 staticChain=177376 copiedW=298563 liveW=356186 liveB=363
PROBE29 gc=6 scav fwdHits=35148 t1=16140 t2=8704 t3=1980 t4=25093 t5=171 t6=22 t7=12 t8=20 t9=1054 t10=1095 t11=1361 t12=2 t15=2356 t16=4961 t17=514 t18=7297 t19=1 t22=1156 t25=100 t38=3 t39=52 t40=213 t42=2635 t43=49 t44=209 t45=6 t46=1 t47=285 t48=48 t49=8 t52=1
PROBE29 gc=6 evac e1=16140 e2=8704 e3=2626 e4=25093 e5=171 e6=22 e7=12 e8=20 e9=1054 e10=1095 e11=1361 e12=2 e15=2356 e16=4961 e17=514 e18=7297 e19=1 e22=1353 e25=100 e27=11 e38=13714 e39=52 e40=213 e42=2635 e43=49 e44=209 e45=6 e46=1 e47=285 e48=48 e49=8 e52=1
PROBE28 gc=7 N=0 maj=1 ng=1 preMut0=0 staticChain=177368 copiedW=392242 liveW=439600 liveB=440
PROBE29 gc=7 scav fwdHits=53112 t1=19915 t2=11521 t3=3831 t4=28787 t5=171 t6=18 t7=12 t8=20 t9=1049 t10=1095 t11=3211 t12=2 t15=5173 t16=8656 t17=514 t18=10116 t19=1 t22=4058 t25=100 t38=3 t39=261 t42=2635 t43=258 t46=7 t47=312 t49=4 t52=1
PROBE29 gc=7 evac e1=19915 e2=11521 e3=3831 e4=28787 e5=171 e6=18 e7=12 e8=20 e9=1049 e10=1095 e11=3211 e12=2 e15=5173 e16=8656 e17=514 e18=10116 e19=1 e22=4058 e25=100 e38=16834 e39=261 e42=2635 e43=258 e46=7 e47=312 e49=4 e52=1
PROBE28 gc=8 N=0 maj=1 ng=1 preMut0=0 staticChain=175201 copiedW=468362 liveW=540341 liveB=540
PROBE29 gc=8 scav fwdHits=61471 t1=25773 t2=13812 t3=4955 t4=32306 t5=4384 t6=29 t7=20 t8=30 t9=1108 t10=920 t11=3839 t12=2 t15=5810 t16=9739 t17=514 t18=11336 t22=4072 t25=119 t39=24 t40=238 t42=3260 t43=20 t44=237 t45=1 t46=7 t47=309 t48=9 t49=5 t52=1
PROBE29 gc=8 evac e1=25773 e2=13812 e3=5093 e4=32306 e5=4384 e6=29 e7=20 e8=30 e9=1108 e10=920 e11=3839 e12=2 e15=5810 e16=9739 e17=514 e18=11336 e22=4078 e25=119 e27=2 e38=6890 e39=24 e40=238 e42=3260 e43=20 e44=237 e45=1 e46=7 e47=309 e48=9 e49=5 e52=1
PROBE28 gc=9 N=0 maj=1 ng=1 preMut0=0 staticChain=175156 copiedW=534210 liveW=647627 liveB=647
PROBE29 gc=9 scav fwdHits=71307 t1=28906 t2=17259 t3=5761 t4=35836 t5=5567 t6=679 t7=28 t8=359 t9=1516 t10=947 t11=3842 t12=2 t15=6179 t16=11151 t17=514 t18=13175 t22=5068 t25=120 t38=1 t39=22 t40=240 t42=3924 t43=18 t44=239 t45=4 t46=8 t47=310 t48=10 t49=5 t52=1
PROBE29 gc=9 evac e1=28906 e2=17259 e3=5908 e4=35836 e5=5567 e6=679 e7=28 e8=359 e9=1516 e10=947 e11=3842 e12=2 e15=6179 e16=11151 e17=514 e18=13175 e22=5070 e25=120 e38=3553 e39=22 e40=240 e42=3924 e43=18 e44=239 e45=4 e46=8 e47=310 e48=10 e49=5 e52=1
PROBE28 gc=10 N=0 maj=1 ng=1 preMut0=0 staticChain=175089 copiedW=624977 liveW=767624 liveB=764
PROBE29 gc=10 scav fwdHits=84325 t1=32643 t2=21868 t3=6150 t4=41742 t5=6634 t6=1415 t7=36 t8=739 t9=2002 t10=1428 t11=3908 t12=2 t15=6637 t16=13122 t17=514 t18=16850 t19=1 t22=6342 t25=147 t38=2 t39=13 t40=249 t42=4767 t43=9 t44=248 t46=12 t47=312 t48=12 t49=5 t52=1
PROBE29 gc=10 evac e1=32643 e2=21868 e3=6339 e4=41742 e5=6634 e6=1415 e7=36 e8=739 e9=2002 e10=1428 e11=3908 e12=2 e15=6637 e16=13122 e17=514 e18=16850 e19=1 e22=6343 e25=147 e38=3600 e39=13 e40=249 e42=4767 e43=9 e44=248 e46=12 e47=312 e48=12 e49=5 e52=1
PROBE28 gc=11 N=0 maj=1 ng=1 preMut0=0 staticChain=174928 copiedW=731009 liveW=871603 liveB=865
PROBE29 gc=11 scav fwdHits=99875 t1=36212 t2=23480 t3=6891 t4=45490 t5=8290 t6=3662 t7=44 t8=1858 t9=3160 t10=966 t11=3890 t12=2 t15=8076 t16=19153 t17=514 t18=20013 t22=9673 t25=210 t39=240 t40=21 t42=4834 t43=236 t44=21 t45=3 t46=12 t47=310 t48=13 t49=4 t52=1
PROBE29 gc=11 evac e1=36212 e2=23480 e3=6967 e4=45490 e5=8290 e6=3662 e7=44 e8=1858 e9=3160 e10=966 e11=3890 e12=2 e15=8076 e16=19153 e17=514 e18=20013 e22=9943 e25=210 e27=1 e38=6750 e39=240 e40=21 e42=4834 e43=236 e44=21 e45=3 e46=12 e47=310 e48=13 e49=4 e52=1
PROBE28 gc=12 N=0 maj=1 ng=1 preMut0=0 staticChain=174417 copiedW=765168 liveW=1199959 liveB=1443
PROBE29 gc=12 scav fwdHits=104119 t1=37914 t2=24912 t3=7088 t4=47433 t5=8963 t6=4013 t7=60 t8=2051 t9=3558 t10=982 t11=3932 t15=8304 t16=19927 t17=516 t18=20918 t22=10177 t25=327 t39=77 t40=186 t42=5161 t43=73 t44=184 t45=2 t46=13 t47=305 t48=25 t49=6 t52=1
PROBE29 gc=12 evac e1=37914 e2=24912 e3=7335 e4=47433 e5=8963 e6=4013 e7=60 e8=2051 e9=3558 e10=982 e11=3932 e15=8304 e16=19927 e17=516 e18=20918 e22=10198 e25=327 e27=36 e38=3173 e39=77 e40=186 e42=5161 e43=73 e44=184 e45=2 e46=13 e47=305 e48=25 e49=6 e52=1
PROBE28 gc=13 N=0 maj=1 ng=1 preMut0=0 staticChain=174395 copiedW=366812 liveW=399931 liveB=409
PROBE29 gc=13 scav fwdHits=39386 t1=18361 t2=12150 t3=5029 t4=23677 t5=3827 t6=35 t7=12 t8=49 t9=1462 t10=918 t11=626 t15=2732 t16=7698 t17=519 t18=9767 t22=4036 t25=327 t39=256 t40=17 t42=4853 t43=256 t44=1 t46=7 t47=277 t48=60 t49=16
PROBE29 gc=13 evac e1=18361 e2=12150 e3=5079 e4=23677 e5=3827 e6=35 e7=12 e8=49 e9=1462 e10=918 e11=626 e15=2732 e16=7698 e17=519 e18=9767 e22=4039 e25=327 e38=130 e39=256 e40=17 e42=4853 e43=256 e44=1 e46=7 e47=277 e48=60 e49=16
GHC_EXIT=0
