PROBE31 gc=1 scavstack calls=1 frames=24 words=33 ptrs=25
PROBE31 gc=1 frameHist t30=17 t33=2 t34=4 t36=1
PROBE31 gc=2 scavstack calls=1 frames=39 words=47 ptrs=32
PROBE31 gc=2 frameHist t30=28 t32=1 t34=9 t36=1
PROBE31 gc=3 scavstack calls=1 frames=91 words=208 ptrs=158
PROBE31 gc=3 frameHist t30=48 t33=36 t34=6 t36=1
PROBE31 gc=4 scavstack calls=1 frames=48 words=102 ptrs=75
PROBE31 gc=4 frameHist t30=28 t33=13 t34=6 t36=1
PROBE31 gc=5 scavstack calls=1 frames=36 words=62 ptrs=37
PROBE31 gc=5 frameHist t30=24 t33=3 t34=8 t36=1
PROBE31 gc=6 scavstack calls=1 frames=83 words=131 ptrs=95
PROBE31 gc=6 frameHist t30=65 t33=7 t34=10 t36=1
PROBE31 gc=7 scavstack calls=1 frames=76 words=133 ptrs=92
PROBE31 gc=7 frameHist t30=62 t33=3 t34=10 t36=1
PROBE31 gc=8 scavstack calls=1 frames=591 words=622 ptrs=598
PROBE31 gc=8 frameHist t30=580 t33=1 t34=9 t36=1
PROBE31 gc=9 scavstack calls=1 frames=443 words=460 ptrs=443
PROBE31 gc=9 frameHist t30=432 t32=1 t34=9 t36=1
PROBE31 gc=10 scavstack calls=1 frames=109 words=150 ptrs=121
PROBE31 gc=10 frameHist t30=96 t33=2 t34=10 t36=1
PROBE31 gc=11 scavstack calls=1 frames=78 words=88 ptrs=72
PROBE31 gc=11 frameHist t30=66 t34=11 t36=1
PROBE31 gc=12 scavstack calls=1 frames=29 words=61 ptrs=41
PROBE31 gc=12 frameHist t30=21 t34=7 t36=1
PROBE31 gc=13 scavstack calls=0 frames=0 words=0 ptrs=0
PROBE31 gc=13 frameHist
GHC_EXIT=0
